Archive member included to satisfy reference by file (symbol)

c:/st/stm32cubeide_1.12.0/stm32cubeide/plugins/com.st.stm32cube.ide.mcu.externaltools.gnu-tools-for-stm32.10.3-2021.10.win32_1.0.200.202301161003/tools/bin/../lib/gcc/arm-none-eabi/10.3.1/../../../../arm-none-eabi/lib/thumb/v7e-m+fp/hard\libc_nano.a(lib_a-errno.o)
                              ./Application/User/syscalls.o (__errno)
c:/st/stm32cubeide_1.12.0/stm32cubeide/plugins/com.st.stm32cube.ide.mcu.externaltools.gnu-tools-for-stm32.10.3-2021.10.win32_1.0.200.202301161003/tools/bin/../lib/gcc/arm-none-eabi/10.3.1/../../../../arm-none-eabi/lib/thumb/v7e-m+fp/hard\libc_nano.a(lib_a-exit.o)
                              c:/st/stm32cubeide_1.12.0/stm32cubeide/plugins/com.st.stm32cube.ide.mcu.externaltools.gnu-tools-for-stm32.10.3-2021.10.win32_1.0.200.202301161003/tools/bin/../lib/gcc/arm-none-eabi/10.3.1/../../../../arm-none-eabi/lib/thumb/v7e-m+fp/hard/crt0.o (exit)
c:/st/stm32cubeide_1.12.0/stm32cubeide/plugins/com.st.stm32cube.ide.mcu.externaltools.gnu-tools-for-stm32.10.3-2021.10.win32_1.0.200.202301161003/tools/bin/../lib/gcc/arm-none-eabi/10.3.1/../../../../arm-none-eabi/lib/thumb/v7e-m+fp/hard\libc_nano.a(lib_a-impure.o)
                              c:/st/stm32cubeide_1.12.0/stm32cubeide/plugins/com.st.stm32cube.ide.mcu.externaltools.gnu-tools-for-stm32.10.3-2021.10.win32_1.0.200.202301161003/tools/bin/../lib/gcc/arm-none-eabi/10.3.1/../../../../arm-none-eabi/lib/thumb/v7e-m+fp/hard\libc_nano.a(lib_a-exit.o) (_global_impure_ptr)
c:/st/stm32cubeide_1.12.0/stm32cubeide/plugins/com.st.stm32cube.ide.mcu.externaltools.gnu-tools-for-stm32.10.3-2021.10.win32_1.0.200.202301161003/tools/bin/../lib/gcc/arm-none-eabi/10.3.1/../../../../arm-none-eabi/lib/thumb/v7e-m+fp/hard\libc_nano.a(lib_a-init.o)
                              c:/st/stm32cubeide_1.12.0/stm32cubeide/plugins/com.st.stm32cube.ide.mcu.externaltools.gnu-tools-for-stm32.10.3-2021.10.win32_1.0.200.202301161003/tools/bin/../lib/gcc/arm-none-eabi/10.3.1/../../../../arm-none-eabi/lib/thumb/v7e-m+fp/hard/crt0.o (__libc_init_array)
c:/st/stm32cubeide_1.12.0/stm32cubeide/plugins/com.st.stm32cube.ide.mcu.externaltools.gnu-tools-for-stm32.10.3-2021.10.win32_1.0.200.202301161003/tools/bin/../lib/gcc/arm-none-eabi/10.3.1/../../../../arm-none-eabi/lib/thumb/v7e-m+fp/hard\libc_nano.a(lib_a-memcpy-stub.o)
                              ./Middlewares/FreeRTOS/queue.o (memcpy)
c:/st/stm32cubeide_1.12.0/stm32cubeide/plugins/com.st.stm32cube.ide.mcu.externaltools.gnu-tools-for-stm32.10.3-2021.10.win32_1.0.200.202301161003/tools/bin/../lib/gcc/arm-none-eabi/10.3.1/../../../../arm-none-eabi/lib/thumb/v7e-m+fp/hard\libc_nano.a(lib_a-memset.o)
                              c:/st/stm32cubeide_1.12.0/stm32cubeide/plugins/com.st.stm32cube.ide.mcu.externaltools.gnu-tools-for-stm32.10.3-2021.10.win32_1.0.200.202301161003/tools/bin/../lib/gcc/arm-none-eabi/10.3.1/../../../../arm-none-eabi/lib/thumb/v7e-m+fp/hard/crt0.o (memset)
c:/st/stm32cubeide_1.12.0/stm32cubeide/plugins/com.st.stm32cube.ide.mcu.externaltools.gnu-tools-for-stm32.10.3-2021.10.win32_1.0.200.202301161003/tools/bin/../lib/gcc/arm-none-eabi/10.3.1/thumb/v7e-m+fp/hard\libgcc.a(_arm_muldf3.o)
                              ./Application/User/mc_interface.o (__aeabi_dmul)
c:/st/stm32cubeide_1.12.0/stm32cubeide/plugins/com.st.stm32cube.ide.mcu.externaltools.gnu-tools-for-stm32.10.3-2021.10.win32_1.0.200.202301161003/tools/bin/../lib/gcc/arm-none-eabi/10.3.1/thumb/v7e-m+fp/hard\libgcc.a(_arm_addsubdf3.o)
                              ./Application/User/mc_interface.o (__aeabi_i2d)
c:/st/stm32cubeide_1.12.0/stm32cubeide/plugins/com.st.stm32cube.ide.mcu.externaltools.gnu-tools-for-stm32.10.3-2021.10.win32_1.0.200.202301161003/tools/bin/../lib/gcc/arm-none-eabi/10.3.1/thumb/v7e-m+fp/hard\libgcc.a(_arm_truncdfsf2.o)
                              ./Application/User/mc_interface.o (__aeabi_d2f)
c:/st/stm32cubeide_1.12.0/stm32cubeide/plugins/com.st.stm32cube.ide.mcu.externaltools.gnu-tools-for-stm32.10.3-2021.10.win32_1.0.200.202301161003/tools/bin/../lib/gcc/arm-none-eabi/10.3.1/thumb/v7e-m+fp/hard\libgcc.a(_aeabi_ldivmod.o)
                              ./Drivers/STM32G4xx_HAL_Driver/stm32g4xx_hal_uart.o (__aeabi_ldivmod)
c:/st/stm32cubeide_1.12.0/stm32cubeide/plugins/com.st.stm32cube.ide.mcu.externaltools.gnu-tools-for-stm32.10.3-2021.10.win32_1.0.200.202301161003/tools/bin/../lib/gcc/arm-none-eabi/10.3.1/thumb/v7e-m+fp/hard\libgcc.a(_aeabi_uldivmod.o)
                              ./Drivers/STM32G4xx_HAL_Driver/stm32g4xx_hal_uart.o (__aeabi_uldivmod)
c:/st/stm32cubeide_1.12.0/stm32cubeide/plugins/com.st.stm32cube.ide.mcu.externaltools.gnu-tools-for-stm32.10.3-2021.10.win32_1.0.200.202301161003/tools/bin/../lib/gcc/arm-none-eabi/10.3.1/thumb/v7e-m+fp/hard\libgcc.a(_udivmoddi4.o)
[...]
Memory Configuration

Name             Origin             Length             Attributes
RAM              0x0000000020000000 0x0000000000008000 xrw
FLASH            0x0000000008000000 0x0000000000020000 xr
*default*        0x0000000000000000 0xffffffffffffffff

Linker script and memory map

LOAD c:/st/stm32cubeide_1.12.0/stm32cubeide/plugins/com.st.stm32cube.ide.mcu.externaltools.gnu-tools-for-stm32.10.3-2021.10.win32_1.0.200.202301161003/tools/bin/../lib/gcc/arm-none-eabi/10.3.1/thumb/v7e-m+fp/hard/crti.o
LOAD c:/st/stm32cubeide_1.12.0/stm32cubeide/plugins/com.st.stm32cube.ide.mcu.externaltools.gnu-tools-for-stm32.10.3-2021.10.win32_1.0.200.202301161003/tools/bin/../lib/gcc/arm-none-eabi/10.3.1/thumb/v7e-m+fp/hard/crtbegin.o
LOAD c:/st/stm32cubeide_1.12.0/stm32cubeide/plugins/com.st.stm32cube.ide.mcu.externaltools.gnu-tools-for-stm32.10.3-2021.10.win32_1.0.200.202301161003/tools/bin/../lib/gcc/arm-none-eabi/10.3.1/../../../../arm-none-eabi/lib/thumb/v7e-m+fp/hard/crt0.o
LOAD ./Application/Startup/startup_stm32g431rbtx.o
LOAD ./Application/User/app_freertos.o
LOAD ./Application/User/aspep.o
LOAD ./Application/User/hall_speed_pos_fdbk.o
LOAD ./Application/User/main.o
LOAD ./Application/User/mc_api.o
LOAD ./Application/User/mc_app_hooks.o
LOAD ./Application/User/mc_config.o
LOAD ./Application/User/mc_configuration_registers.o
LOAD ./Application/User/mc_interface.o
LOAD ./Application/User/mc_math.o
LOAD ./Application/User/mc_parameters.o
LOAD ./Application/User/mc_perf.o
LOAD ./Application/User/mc_tasks.o
LOAD ./Application/User/mcp_config.o
LOAD ./Application/User/motorcontrol.o
LOAD ./Application/User/pwm_curr_fdbk.o
LOAD ./Application/User/register_interface.o
LOAD ./Application/User/regular_conversion_manager.o
LOAD ./Application/User/stm32g4xx_hal_msp.o
LOAD ./Application/User/stm32g4xx_hal_timebase_tim.o
LOAD ./Application/User/stm32g4xx_it.o
LOAD ./Application/User/stm32g4xx_mc_it.o
LOAD ./Application/User/syscalls.o
LOAD ./Application/User/sysmem.o
LOAD ./Application/User/usart_aspep_driver.o
LOAD ./Drivers/CMSIS/system_stm32g4xx.o
LOAD ./Drivers/STM32G4xx_HAL_Driver/stm32g4xx_hal.o
LOAD ./Drivers/STM32G4xx_HAL_Driver/stm32g4xx_hal_adc.o
LOAD ./Drivers/STM32G4xx_HAL_Driver/stm32g4xx_hal_adc_ex.o
LOAD ./Drivers/STM32G4xx_HAL_Driver/stm32g4xx_hal_cordic.o
LOAD ./Drivers/STM32G4xx_HAL_Driver/stm32g4xx_hal_cortex.o
LOAD ./Drivers/STM32G4xx_HAL_Driver/stm32g4xx_hal_dma.o
LOAD ./Drivers/STM32G4xx_HAL_Driver/stm32g4xx_hal_dma_ex.o
LOAD ./Drivers/STM32G4xx_HAL_Driver/stm32g4xx_hal_exti.o
LOAD ./Drivers/STM32G4xx_HAL_Driver/stm32g4xx_hal_flash.o
LOAD ./Drivers/STM32G4xx_HAL_Driver/stm32g4xx_hal_flash_ex.o
LOAD ./Drivers/STM32G4xx_HAL_Driver/stm32g4xx_hal_flash_ramfunc.o
LOAD ./Drivers/STM32G4xx_HAL_Driver/stm32g4xx_hal_gpio.o
LOAD ./Drivers/STM32G4xx_HAL_Driver/stm32g4xx_hal_pwr.o
LOAD ./Drivers/STM32G4xx_HAL_Driver/stm32g4xx_hal_pwr_ex.o
LOAD ./Drivers/STM32G4xx_HAL_Driver/stm32g4xx_hal_rcc.o
LOAD ./Drivers/STM32G4xx_HAL_Driver/stm32g4xx_hal_rcc_ex.o
LOAD ./Drivers/STM32G4xx_HAL_Driver/stm32g4xx_hal_tim.o
LOAD ./Drivers/STM32G4xx_HAL_Driver/stm32g4xx_hal_tim_ex.o
LOAD ./Drivers/STM32G4xx_HAL_Driver/stm32g4xx_hal_uart.o
LOAD ./Drivers/STM32G4xx_HAL_Driver/stm32g4xx_hal_uart_ex.o
LOAD ./Drivers/STM32G4xx_HAL_Driver/stm32g4xx_ll_adc.o
LOAD ./Middlewares/FreeRTOS/cmsis_os.o
LOAD ./Middlewares/FreeRTOS/croutine.o
LOAD ./Middlewares/FreeRTOS/event_groups.o
LOAD ./Middlewares/FreeRTOS/heap_4.o
LOAD ./Middlewares/FreeRTOS/list.o
LOAD ./Middlewares/FreeRTOS/port.o
LOAD ./Middlewares/FreeRTOS/queue.o
LOAD ./Middlewares/FreeRTOS/stream_buffer.o
LOAD ./Middlewares/FreeRTOS/tasks.o
LOAD ./Middlewares/FreeRTOS/timers.o
LOAD ./Middlewares/MotorControl/bus_voltage_sensor.o
LOAD ./Middlewares/MotorControl/circle_limitation.o
LOAD ./Middlewares/MotorControl/digital_output.o
LOAD ./Middlewares/MotorControl/mcp.o
LOAD ./Middlewares/MotorControl/mcpa.o
LOAD ./Middlewares/MotorControl/ntc_temperature_sensor.o
LOAD ./Middlewares/MotorControl/open_loop.o
LOAD ./Middlewares/MotorControl/pid_regulator.o
LOAD ./Middlewares/MotorControl/pqd_motor_power_measurement.o
LOAD ./Middlewares/MotorControl/pwm_common.o
LOAD ./Middlewares/MotorControl/r3_2_g4xx_pwm_curr_fdbk.o
LOAD ./Middlewares/MotorControl/r_divider_bus_voltage_sensor.o
LOAD ./Middlewares/MotorControl/ramp_ext_mngr.o
LOAD ./Middlewares/MotorControl/revup_ctrl.o
LOAD ./Middlewares/MotorControl/speed_pos_fdbk.o
LOAD ./Middlewares/MotorControl/speed_torq_ctrl.o
LOAD ./Middlewares/MotorControl/virtual_speed_sensor.o
START GROUP
LOAD c:/st/stm32cubeide_1.12.0/stm32cubeide/plugins/com.st.stm32cube.ide.mcu.externaltools.gnu-tools-for-stm32.10.3-2021.10.win32_1.0.200.202301161003/tools/bin/../lib/gcc/arm-none-eabi/10.3.1/../../../../arm-none-eabi/lib/thumb/v7e-m+fp/hard\libc_nano.a
LOAD c:/st/stm32cubeide_1.12.0/stm32cubeide/plugins/com.st.stm32cube.ide.mcu.externaltools.gnu-tools-for-stm32.10.3-2021.10.win32_1.0.200.202301161003/tools/bin/../lib/gcc/arm-none-eabi/10.3.1/../../../../arm-none-eabi/lib/thumb/v7e-m+fp/hard\libm.a
END GROUP
START GROUP
LOAD c:/st/stm32cubeide_1.12.0/stm32cubeide/plugins/com.st.stm32cube.ide.mcu.externaltools.gnu-tools-for-stm32.10.3-2021.10.win32_1.0.200.202301161003/tools/bin/../lib/gcc/arm-none-eabi/10.3.1/thumb/v7e-m+fp/hard\libgcc.a
LOAD c:/st/stm32cubeide_1.12.0/stm32cubeide/plugins/com.st.stm32cube.ide.mcu.externaltools.gnu-tools-for-stm32.10.3-2021.10.win32_1.0.200.202301161003/tools/bin/../lib/gcc/arm-none-eabi/10.3.1/../../../../arm-none-eabi/lib/thumb/v7e-m+fp/hard\libc_nano.a
END GROUP
START GROUP
LOAD c:/st/stm32cubeide_1.12.0/stm32cubeide/plugins/com.st.stm32cube.ide.mcu.externaltools.gnu-tools-for-stm32.10.3-2021.10.win32_1.0.200.202301161003/tools/bin/../lib/gcc/arm-none-eabi/10.3.1/thumb/v7e-m+fp/hard\libgcc.a
LOAD c:/st/stm32cubeide_1.12.0/stm32cubeide/plugins/com.st.stm32cube.ide.mcu.externaltools.gnu-tools-for-stm32.10.3-2021.10.win32_1.0.200.202301161003/tools/bin/../lib/gcc/arm-none-eabi/10.3.1/../../../../arm-none-eabi/lib/thumb/v7e-m+fp/hard\libc_nano.a
LOAD c:/st/stm32cubeide_1.12.0/stm32cubeide/plugins/com.st.stm32cube.ide.mcu.externaltools.gnu-tools-for-stm32.10.3-2021.10.win32_1.0.200.202301161003/tools/bin/../lib/gcc/arm-none-eabi/10.3.1/../../../../arm-none-eabi/lib/thumb/v7e-m+fp/hard\libnosys.a
END GROUP
START GROUP
LOAD c:/st/stm32cubeide_1.12.0/stm32cubeide/plugins/com.st.stm32cube.ide.mcu.externaltools.gnu-tools-for-stm32.10.3-2021.10.win32_1.0.200.202301161003/tools/bin/../lib/gcc/arm-none-eabi/10.3.1/thumb/v7e-m+fp/hard\libgcc.a
LOAD c:/st/stm32cubeide_1.12.0/stm32cubeide/plugins/com.st.stm32cube.ide.mcu.externaltools.gnu-tools-for-stm32.10.3-2021.10.win32_1.0.200.202301161003/tools/bin/../lib/gcc/arm-none-eabi/10.3.1/../../../../arm-none-eabi/lib/thumb/v7e-m+fp/hard\libc_nano.a
LOAD c:/st/stm32cubeide_1.12.0/stm32cubeide/plugins/com.st.stm32cube.ide.mcu.externaltools.gnu-tools-for-stm32.10.3-2021.10.win32_1.0.200.202301161003/tools/bin/../lib/gcc/arm-none-eabi/10.3.1/../../../../arm-none-eabi/lib/thumb/v7e-m+fp/hard\libnosys.a
END GROUP
LOAD c:/st/stm32cubeide_1.12.0/stm32cubeide/plugins/com.st.stm32cube.ide.mcu.externaltools.gnu-tools-for-stm32.10.3-2021.10.win32_1.0.200.202301161003/tools/bin/../lib/gcc/arm-none-eabi/10.3.1/thumb/v7e-m+fp/hard/crtend.o
LOAD c:/st/stm32cubeide_1.12.0/stm32cubeide/plugins/com.st.stm32cube.ide.mcu.externaltools.gnu-tools-for-stm32.10.3-2021.10.win32_1.0.200.202301161003/tools/bin/../lib/gcc/arm-none-eabi/10.3.1/thumb/v7e-m+fp/hard/crtn.o
                0x0000000020008000                _estack = (ORIGIN (RAM) + LENGTH (RAM))
                0x0000000000000200                _Min_Heap_Size = 0x200
                0x0000000000000400                _Min_Stack_Size = 0x400

.isr_vector     0x0000000008000000      0x1d8
                0x0000000008000000                . = ALIGN (0x4)
 *(.isr_vector)
 .isr_vector    0x0000000008000000      0x1d8 ./Application/Startup/startup_stm32g431rbtx.o
                0x0000000008000000                g_pfnVectors
                0x00000000080001d8                . = ALIGN (0x4)

.text           0x00000000080001e0     0x9f00
                0x00000000080001e0                . = ALIGN (0x4)
 *(.text)
 .text          0x00000000080001e0       0x40 c:/st/stm32cubeide_1.12.0/stm32cubeide/plugins/com.st.stm32cube.ide.mcu.externaltools.gnu-tools-for-stm32.10.3-2021.10.win32_1.0.200.202301161003/tools/bin/../lib/gcc/arm-none-eabi/10.3.1/thumb/v7e-m+fp/hard/crtbegin.o
 .text          0x0000000008000220       0x30 c:/st/stm32cubeide_1.12.0/stm32cubeide/plugins/com.st.stm32cube.ide.mcu.externaltools.gnu-tools-for-stm32.10.3-2021.10.win32_1.0.200.202301161003/tools/bin/../lib/gcc/arm-none-eabi/10.3.1/thumb/v7e-m+fp/hard\libgcc.a(_aeabi_uldivmod.o)
                0x0000000008000220                __aeabi_uldivmod
 .text          0x0000000008000250      0x2d0 c:/st/stm32cubeide_1.12.0/stm32cubeide/plugins/com.st.stm32cube.ide.mcu.externaltools.gnu-tools-for-stm32.10.3-2021.10.win32_1.0.200.202301161003/tools/bin/../lib/gcc/arm-none-eabi/10.3.1/thumb/v7e-m+fp/hard\libgcc.a(_udivmoddi4.o)
                0x0000000008000250                __udivmoddi4
 .text          0x0000000008000520        0x4 c:/st/stm32cubeide_1.12.0/stm32cubeide/plugins/com.st.stm32cube.ide.mcu.externaltools.gnu-tools-for-stm32.10.3-2021.10.win32_1.0.200.202301161003/tools/bin/../lib/gcc/arm-none-eabi/10.3.1/thumb/v7e-m+fp/hard\libgcc.a(_dvmd_tls.o)
                0x0000000008000520                __aeabi_idiv0
                0x0000000008000520                __aeabi_ldiv0
 *(.text*)
 .text.Reset_Handler
                0x0000000008000524       0x50 ./Application/Startup/startup_stm32g431rbtx.o
                0x0000000008000524                Reset_Handler
 .text.Default_Handler
                0x0000000008000574        0x2 ./Application/Startup/startup_stm32g431rbtx.o
                0x0000000008000574                RTC_Alarm_IRQHandler
                0x0000000008000574                EXTI2_IRQHandler
                0x0000000008000574                TIM8_TRG_COM_IRQHandler
                0x0000000008000574                TIM8_CC_IRQHandler
                0x0000000008000574                DebugMon_Handler
                0x0000000008000574                TIM1_CC_IRQHandler
                0x0000000008000574                USB_HP_IRQHandler
                0x0000000008000574                CORDIC_IRQHandler
                0x0000000008000574                NMI_Handler
                0x0000000008000574                EXTI3_IRQHandler
                0x0000000008000574                I2C3_ER_IRQHandler
                0x0000000008000574                EXTI0_IRQHandler
                0x0000000008000574                I2C2_EV_IRQHandler
                0x0000000008000574                FPU_IRQHandler
                0x0000000008000574                FDCAN1_IT1_IRQHandler
                0x0000000008000574                UsageFault_Handler
                0x0000000008000574                SPI1_IRQHandler
                0x0000000008000574                TIM8_UP_IRQHandler
                0x0000000008000574                DMA2_Channel2_IRQHandler
                0x0000000008000574                DMA1_Channel4_IRQHandler
                0x0000000008000574                USART3_IRQHandler
                0x0000000008000574                TIM4_IRQHandler
                0x0000000008000574                DMA2_Channel1_IRQHandler
                0x0000000008000574                I2C1_EV_IRQHandler
                0x0000000008000574                DMA1_Channel6_IRQHandler
                0x0000000008000574                UART4_IRQHandler
                0x0000000008000574                DMA2_Channel4_IRQHandler
                0x0000000008000574                TIM3_IRQHandler
                0x0000000008000574                RCC_IRQHandler
                0x0000000008000574                Default_Handler
                0x0000000008000574                RTC_TAMP_LSECSS_IRQHandler
                0x0000000008000574                FMAC_IRQHandler
                0x0000000008000574                TIM7_IRQHandler
                0x0000000008000574                UCPD1_IRQHandler
                0x0000000008000574                I2C3_EV_IRQHandler
                0x0000000008000574                EXTI9_5_IRQHandler
                0x0000000008000574                RTC_WKUP_IRQHandler
                0x0000000008000574                PVD_PVM_IRQHandler
                0x0000000008000574                SPI2_IRQHandler
                0x0000000008000574                MemManage_Handler
                0x0000000008000574                DMA2_Channel5_IRQHandler
                0x0000000008000574                CRS_IRQHandler
                0x0000000008000574                DMA1_Channel5_IRQHandler
                0x0000000008000574                USB_LP_IRQHandler
                0x0000000008000574                EXTI4_IRQHandler
                0x0000000008000574                RNG_IRQHandler
                0x0000000008000574                TIM1_TRG_COM_TIM17_IRQHandler
                0x0000000008000574                DMA1_Channel3_IRQHandler
                0x0000000008000574                WWDG_IRQHandler
                0x0000000008000574                LPUART1_IRQHandler
                0x0000000008000574                DMA2_Channel6_IRQHandler
                0x0000000008000574                FDCAN1_IT0_IRQHandler
                0x0000000008000574                COMP1_2_3_IRQHandler
                0x0000000008000574                EXTI1_IRQHandler
                0x0000000008000574                I2C2_ER_IRQHandler
                0x0000000008000574                DMA1_Channel2_IRQHandler
                0x0000000008000574                TIM8_BRK_IRQHandler
                0x0000000008000574                FLASH_IRQHandler
                0x0000000008000574                BusFault_Handler
                0x0000000008000574                USART1_IRQHandler
                0x0000000008000574                SPI3_IRQHandler
                0x0000000008000574                I2C1_ER_IRQHandler
                0x0000000008000574                LPTIM1_IRQHandler
                0x0000000008000574                DMAMUX_OVR_IRQHandler
                0x0000000008000574                USBWakeUp_IRQHandler
                0x0000000008000574                SAI1_IRQHandler
                0x0000000008000574                DMA2_Channel3_IRQHandler
                0x0000000008000574                COMP4_IRQHandler
 *fill*         0x0000000008000576        0x2 
 .text.ASPEP_start
                0x0000000008000578       0x28 ./Application/User/aspep.o
                0x0000000008000578                ASPEP_start
 .text.ASPEP_sendBeacon
                0x00000000080005a0       0x8c ./Application/User/aspep.o
                0x00000000080005a0                ASPEP_sendBeacon
 .text.ASPEP_sendPing
                0x000000000800062c       0x90 ./Application/User/aspep.o
                0x000000000800062c                ASPEP_sendPing
 .text.ASPEP_getBuffer
                0x00000000080006bc       0x6c ./Application/User/aspep.o
                0x00000000080006bc                ASPEP_getBuffer
 .text.ASPEP_sendPacket
                0x0000000008000728      0x118 ./Application/User/aspep.o
                0x0000000008000728                ASPEP_sendPacket
 .text.ASPEP_HWDataTransmittedIT
                0x0000000008000840       0x98 ./Application/User/aspep.o
                0x0000000008000840                ASPEP_HWDataTransmittedIT
 .text.ASPEP_RXframeProcess
                0x00000000080008d8      0x2a8 ./Application/User/aspep.o
                0x00000000080008d8                ASPEP_RXframeProcess
 .text.ASPEP_HWDataReceivedIT
                0x0000000008000b80       0x9c ./Application/User/aspep.o
                0x0000000008000b80                ASPEP_HWDataReceivedIT
 .text.ASPEP_HWDMAReset
                0x0000000008000c1c       0x14 ./Application/User/aspep.o
                0x0000000008000c1c                ASPEP_HWDMAReset
 .text.HALL_Init
                0x0000000008000c30      0x118 ./Application/User/hall_speed_pos_fdbk.o
                0x0000000008000c30                HALL_Init
 .text.HALL_Clear
                0x0000000008000d48      0x158 ./Application/User/hall_speed_pos_fdbk.o
                0x0000000008000d48                HALL_Clear
 .text.HALL_CalcElAngle
                0x0000000008000ea0       0x3c ./Application/User/hall_speed_pos_fdbk.o
                0x0000000008000ea0                HALL_CalcElAngle
 .text.HALL_CalcAvrgMecSpeedUnit
                0x0000000008000edc       0x94 ./Application/User/hall_speed_pos_fdbk.o
                0x0000000008000edc                HALL_CalcAvrgMecSpeedUnit
 .text.HALL_TIMx_CC_IRQHandler
                0x0000000008000f70      0x354 ./Application/User/hall_speed_pos_fdbk.o
                0x0000000008000f70                HALL_TIMx_CC_IRQHandler
 .text.HALL_TIMx_UP_IRQHandler
                0x00000000080012c4      0x178 ./Application/User/hall_speed_pos_fdbk.o
                0x00000000080012c4                HALL_TIMx_UP_IRQHandler
 *fill*         0x000000000800143c        0x4 
 .text.SystemClock_Config
                0x0000000008001440       0x90 ./Application/User/main.o
                0x0000000008001440                SystemClock_Config
 .text.startup.main
                0x00000000080014d0      0x580 ./Application/User/main.o
                0x00000000080014d0                main
 .text.HAL_TIM_PeriodElapsedCallback
                0x0000000008001a50       0x14 ./Application/User/main.o
                0x0000000008001a50                HAL_TIM_PeriodElapsedCallback
 .text.Error_Handler
                0x0000000008001a64        0x4 ./Application/User/main.o
                0x0000000008001a64                Error_Handler
 .text.MC_StartMotor1
                0x0000000008001a68        0xc ./Application/User/mc_api.o
                0x0000000008001a68                MC_StartMotor1
 .text.MC_StopMotor1
                0x0000000008001a74        0xc ./Application/User/mc_api.o
                0x0000000008001a74                MC_StopMotor1
 .text.MC_GetSTMStateMotor1
                0x0000000008001a80        0xc ./Application/User/mc_api.o
                0x0000000008001a80                MC_GetSTMStateMotor1
 .text.MC_ProfilerCommand
                0x0000000008001a8c        0x4 ./Application/User/mc_api.o
                0x0000000008001a8c                MC_ProfilerCommand
 .text.MC_APP_BootHook
                0x0000000008001a90        0x4 ./Application/User/mc_app_hooks.o
                0x0000000008001a90                MC_APP_BootHook
 .text.MC_APP_PostMediumFrequencyHook_M1
                0x0000000008001a94        0x4 ./Application/User/mc_app_hooks.o
                0x0000000008001a94                MC_APP_PostMediumFrequencyHook_M1
 .text.MCI_Init
                0x0000000008001a98       0x24 ./Application/User/mc_interface.o
                0x0000000008001a98                MCI_Init
 .text.MCI_ExecSpeedRamp
                0x0000000008001abc       0x14 ./Application/User/mc_interface.o
                0x0000000008001abc                MCI_ExecSpeedRamp
 .text.MCI_ExecTorqueRamp
                0x0000000008001ad0       0x14 ./Application/User/mc_interface.o
                0x0000000008001ad0                MCI_ExecTorqueRamp
 .text.MCI_SetCurrentReferences
                0x0000000008001ae4       0x14 ./Application/User/mc_interface.o
                0x0000000008001ae4                MCI_SetCurrentReferences
 .text.MCI_FaultProcessing
                0x0000000008001af8       0x18 ./Application/User/mc_interface.o
                0x0000000008001af8                MCI_FaultProcessing
 .text.MCI_ExecBufferedCommands
                0x0000000008001b10       0x74 ./Application/User/mc_interface.o
                0x0000000008001b10                MCI_ExecBufferedCommands
 .text.MCI_GetSTMState
                0x0000000008001b84        0x4 ./Application/User/mc_interface.o
                0x0000000008001b84                MCI_GetSTMState
 .text.MCI_GetOccurredFaults
                0x0000000008001b88        0x4 ./Application/User/mc_interface.o
                0x0000000008001b88                MCI_GetOccurredFaults
 .text.MCI_GetCurrentFaults
                0x0000000008001b8c        0x4 ./Application/User/mc_interface.o
                0x0000000008001b8c                MCI_GetCurrentFaults
 .text.MCI_StartMotor
                0x0000000008001b90       0x2c ./Application/User/mc_interface.o
                0x0000000008001b90                MCI_StartMotor
 .text.MCI_StopMotor
                0x0000000008001bbc       0x40 ./Application/User/mc_interface.o
                0x0000000008001bbc                MCI_StopMotor
 .text.MCI_FaultAcknowledged
                0x0000000008001bfc       0x24 ./Application/User/mc_interface.o
                0x0000000008001bfc                MCI_FaultAcknowledged
 .text.MCI_GetFaultState
                0x0000000008001c20        0xc ./Application/User/mc_interface.o
                0x0000000008001c20                MCI_GetFaultState
 .text.MCI_GetControlMode
                0x0000000008001c2c        0x4 ./Application/User/mc_interface.o
                0x0000000008001c2c                MCI_GetControlMode
 .text.MCI_GetLastRampFinalSpeed
                0x0000000008001c30        0x8 ./Application/User/mc_interface.o
                0x0000000008001c30                MCI_GetLastRampFinalSpeed
 .text.MCI_GetLastRampFinalTorque
                0x0000000008001c38        0x8 ./Application/User/mc_interface.o
                0x0000000008001c38                MCI_GetLastRampFinalTorque
 .text.MCI_GetLastRampFinalDuration
                0x0000000008001c40        0x4 ./Application/User/mc_interface.o
                0x0000000008001c40                MCI_GetLastRampFinalDuration
 .text.MCI_StopRamp
                0x0000000008001c44        0x8 ./Application/User/mc_interface.o
                0x0000000008001c44                MCI_StopRamp
 .text.MCI_GetAvrgMecSpeedUnit
                0x0000000008001c4c       0x10 ./Application/User/mc_interface.o
                0x0000000008001c4c                MCI_GetAvrgMecSpeedUnit
 .text.MCI_GetMecSpeedRefUnit
                0x0000000008001c5c        0x8 ./Application/User/mc_interface.o
                0x0000000008001c5c                MCI_GetMecSpeedRefUnit
 .text.MCI_GetIab
                0x0000000008001c64       0x1c ./Application/User/mc_interface.o
                0x0000000008001c64                MCI_GetIab
 .text.MCI_GetIalphabeta
                0x0000000008001c80       0x1c ./Application/User/mc_interface.o
                0x0000000008001c80                MCI_GetIalphabeta
 .text.MCI_GetIqd
                0x0000000008001c9c       0x1c ./Application/User/mc_interface.o
                0x0000000008001c9c                MCI_GetIqd
 .text.MCI_GetIqdref
                0x0000000008001cb8       0x1c ./Application/User/mc_interface.o
                0x0000000008001cb8                MCI_GetIqdref
 .text.MCI_GetVqd
                0x0000000008001cd4       0x1c ./Application/User/mc_interface.o
                0x0000000008001cd4                MCI_GetVqd
 .text.MCI_GetValphabeta
                0x0000000008001cf0       0x1c ./Application/User/mc_interface.o
                0x0000000008001cf0                MCI_GetValphabeta
 .text.MCI_GetTeref
                0x0000000008001d0c        0x8 ./Application/User/mc_interface.o
                0x0000000008001d0c                MCI_GetTeref
 .text.MCI_Clear_Iqdref
                0x0000000008001d14       0x14 ./Application/User/mc_interface.o
                0x0000000008001d14                MCI_Clear_Iqdref
 .text.MCM_Clarke
                0x0000000008001d28       0x54 ./Application/User/mc_math.o
                0x0000000008001d28                MCM_Clarke
 .text.MCM_Trig_Functions
                0x0000000008001d7c       0x2c ./Application/User/mc_math.o
                0x0000000008001d7c                MCM_Trig_Functions
 .text.MCM_Park
                0x0000000008001da8       0x88 ./Application/User/mc_math.o
                0x0000000008001da8                MCM_Park
 .text.MCM_Rev_Park
                0x0000000008001e30       0x40 ./Application/User/mc_math.o
                0x0000000008001e30                MCM_Rev_Park
 .text.MCM_Sqrt
                0x0000000008001e70       0x20 ./Application/User/mc_math.o
                0x0000000008001e70                MCM_Sqrt
 .text.FOC_Clear
                0x0000000008001e90       0x74 ./Application/User/mc_tasks.o
                0x0000000008001e90                FOC_Clear
 .text.MCboot   0x0000000008001f04      0x104 ./Application/User/mc_tasks.o
                0x0000000008001f04                MCboot
 .text.FOC_InitAdditionalMethods
                0x0000000008002008        0x4 ./Application/User/mc_tasks.o
                0x0000000008002008                FOC_InitAdditionalMethods
 .text.FOC_CalcCurrRef
                0x000000000800200c       0x2c ./Application/User/mc_tasks.o
                0x000000000800200c                FOC_CalcCurrRef
 .text.TSK_SetChargeBootCapDelayM1
                0x0000000008002038        0xc ./Application/User/mc_tasks.o
                0x0000000008002038                TSK_SetChargeBootCapDelayM1
 .text.TSK_ChargeBootCapDelayHasElapsedM1
                0x0000000008002044       0x14 ./Application/User/mc_tasks.o
                0x0000000008002044                TSK_ChargeBootCapDelayHasElapsedM1
 .text.TSK_SetStopPermanencyTimeM1
                0x0000000008002058        0xc ./Application/User/mc_tasks.o
                0x0000000008002058                TSK_SetStopPermanencyTimeM1
 .text.TSK_StopPermanencyTimeHasElapsedM1
                0x0000000008002064       0x14 ./Application/User/mc_tasks.o
                0x0000000008002064                TSK_StopPermanencyTimeHasElapsedM1
 .text.TSK_MediumFrequencyTaskM1
                0x0000000008002078      0x1b8 ./Application/User/mc_tasks.o
                0x0000000008002078                TSK_MediumFrequencyTaskM1
 .text.MC_Scheduler
                0x0000000008002230       0x8c ./Application/User/mc_tasks.o
                0x0000000008002230                MC_Scheduler
 .text.MC_RunMotorControlTasks
                0x00000000080022bc       0x14 ./Application/User/mc_tasks.o
                0x00000000080022bc                MC_RunMotorControlTasks
 .text.TSK_HighFrequencyTask
                0x00000000080022d0      0x13c ./Application/User/mc_tasks.o
                0x00000000080022d0                TSK_HighFrequencyTask
 .text.TSK_SafetyTask_PWMOFF
                0x000000000800240c       0x98 ./Application/User/mc_tasks.o
                0x000000000800240c                TSK_SafetyTask_PWMOFF
 .text.TSK_SafetyTask
                0x00000000080024a4       0x20 ./Application/User/mc_tasks.o
                0x00000000080024a4                TSK_SafetyTask
 .text.TSK_HardwareFaultTask
                0x00000000080024c4       0x20 ./Application/User/mc_tasks.o
                0x00000000080024c4                TSK_HardwareFaultTask
 .text.startMediumFrequencyTask
                0x00000000080024e4       0x10 ./Application/User/mc_tasks.o
                0x00000000080024e4                startMediumFrequencyTask
 .text.StartSafetyTask
                0x00000000080024f4       0x10 ./Application/User/mc_tasks.o
                0x00000000080024f4                StartSafetyTask
 .text.UI_HandleStartStopButton_cb
                0x0000000008002504       0x18 ./Application/User/mc_tasks.o
                0x0000000008002504                UI_HandleStartStopButton_cb
 .text.mc_lock_pins
                0x000000000800251c      0x128 ./Application/User/mc_tasks.o
                0x000000000800251c                mc_lock_pins
 .text.MX_MotorControl_Init
                0x0000000008002644       0x14 ./Application/User/motorcontrol.o
                0x0000000008002644                MX_MotorControl_Init
 .text.vPortSetupTimerInterrupt
                0x0000000008002658       0x1c ./Application/User/motorcontrol.o
                0x0000000008002658                vPortSetupTimerInterrupt
 .text.PWMC_GetPhaseCurrents
                0x0000000008002674        0x4 ./Application/User/pwm_curr_fdbk.o
                0x0000000008002674                PWMC_GetPhaseCurrents
 .text.PWMC_SetPhaseVoltage
                0x0000000008002678      0x298 ./Application/User/pwm_curr_fdbk.o
                0x0000000008002678                PWMC_SetPhaseVoltage
 .text.PWMC_SwitchOffPWM
                0x0000000008002910        0x4 ./Application/User/pwm_curr_fdbk.o
                0x0000000008002910                PWMC_SwitchOffPWM
 .text.PWMC_SwitchOnPWM
                0x0000000008002914        0x4 ./Application/User/pwm_curr_fdbk.o
                0x0000000008002914                PWMC_SwitchOnPWM
 .text.PWMC_CurrentReadingCalibr
                0x0000000008002918       0x48 ./Application/User/pwm_curr_fdbk.o
                0x0000000008002918                PWMC_CurrentReadingCalibr
 .text.PWMC_CheckOverCurrent
                0x0000000008002960        0x4 ./Application/User/pwm_curr_fdbk.o
                0x0000000008002960                PWMC_CheckOverCurrent
 .text.RI_SetRegCommandParser
                0x0000000008002964      0x5b8 ./Application/User/register_interface.o
                0x0000000008002964                RI_SetRegCommandParser
 .text.RI_GetRegCommandParser
                0x0000000008002f1c      0x71c ./Application/User/register_interface.o
                0x0000000008002f1c                RI_GetRegCommandParser
 .text.RI_GetIDSize
                0x0000000008003638       0x18 ./Application/User/register_interface.o
                0x0000000008003638                RI_GetIDSize
 .text.RI_GetPtrReg
                0x0000000008003650      0x120 ./Application/User/register_interface.o
                0x0000000008003650                RI_GetPtrReg
 .text.RCM_RegisterRegConv
                0x0000000008003770      0x1d0 ./Application/User/regular_conversion_manager.o
                0x0000000008003770                RCM_RegisterRegConv
 .text.RCM_ExecRegularConv
                0x0000000008003940      0x18c ./Application/User/regular_conversion_manager.o
                0x0000000008003940                RCM_ExecRegularConv
 .text.RCM_ExecUserConv
                0x0000000008003acc       0x60 ./Application/User/regular_conversion_manager.o
                0x0000000008003acc                RCM_ExecUserConv
 .text.RCM_ExecNextConv
                0x0000000008003b2c       0xa0 ./Application/User/regular_conversion_manager.o
                0x0000000008003b2c                RCM_ExecNextConv
 .text.RCM_ReadOngoingConv
                0x0000000008003bcc       0x60 ./Application/User/regular_conversion_manager.o
                0x0000000008003bcc                RCM_ReadOngoingConv
 .text.HAL_MspInit
                0x0000000008003c2c       0x44 ./Application/User/stm32g4xx_hal_msp.o
                0x0000000008003c2c                HAL_MspInit
 .text.HAL_ADC_MspInit
                0x0000000008003c70      0x138 ./Application/User/stm32g4xx_hal_msp.o
                0x0000000008003c70                HAL_ADC_MspInit
 .text.HAL_CORDIC_MspInit
                0x0000000008003da8       0x30 ./Application/User/stm32g4xx_hal_msp.o
                0x0000000008003da8                HAL_CORDIC_MspInit
 .text.HAL_TIM_Base_MspInit
                0x0000000008003dd8       0xf4 ./Application/User/stm32g4xx_hal_msp.o
                0x0000000008003dd8                HAL_TIM_Base_MspInit
 .text.HAL_TIM_MspPostInit
                0x0000000008003ecc       0xa8 ./Application/User/stm32g4xx_hal_msp.o
                0x0000000008003ecc                HAL_TIM_MspPostInit
 .text.HAL_UART_MspInit
                0x0000000008003f74       0xf8 ./Application/User/stm32g4xx_hal_msp.o
                0x0000000008003f74                HAL_UART_MspInit
 .text.HAL_InitTick
                0x000000000800406c       0x94 ./Application/User/stm32g4xx_hal_timebase_tim.o
                0x000000000800406c                HAL_InitTick
 .text.TIM6_DAC_IRQHandler
                0x0000000008004100        0xc ./Application/User/stm32g4xx_it.o
                0x0000000008004100                TIM6_DAC_IRQHandler
 .text.ADC1_2_IRQHandler
                0x000000000800410c        0xc ./Application/User/stm32g4xx_mc_it.o
                0x000000000800410c                ADC1_2_IRQHandler
 .text.TIM1_UP_TIM16_IRQHandler
                0x0000000008004118       0x18 ./Application/User/stm32g4xx_mc_it.o
                0x0000000008004118                TIM1_UP_TIM16_IRQHandler
 .text.TIM1_BRK_TIM15_IRQHandler
                0x0000000008004130       0x3c ./Application/User/stm32g4xx_mc_it.o
                0x0000000008004130                TIM1_BRK_TIM15_IRQHandler
 .text.TIM2_IRQHandler
                0x000000000800416c       0x38 ./Application/User/stm32g4xx_mc_it.o
                0x000000000800416c                TIM2_IRQHandler
 .text.DMA1_Channel1_IRQHandler
                0x00000000080041a4       0x1c ./Application/User/stm32g4xx_mc_it.o
                0x00000000080041a4                DMA1_Channel1_IRQHandler
 .text.USART2_IRQHandler
                0x00000000080041c0       0xe0 ./Application/User/stm32g4xx_mc_it.o
                0x00000000080041c0                USART2_IRQHandler
 .text.HardFault_Handler
                0x00000000080042a0        0x8 ./Application/User/stm32g4xx_mc_it.o
                0x00000000080042a0                HardFault_Handler
 .text.EXTI15_10_IRQHandler
                0x00000000080042a8       0x18 ./Application/User/stm32g4xx_mc_it.o
                0x00000000080042a8                EXTI15_10_IRQHandler
 .text.UASPEP_INIT
                0x00000000080042c0       0x90 ./Application/User/usart_aspep_driver.o
                0x00000000080042c0                UASPEP_INIT
 .text.UASPEP_SEND_PACKET
                0x0000000008004350       0x3c ./Application/User/usart_aspep_driver.o
                0x0000000008004350                UASPEP_SEND_PACKET
 .text.UASPEP_RECEIVE_BUFFER
                0x000000000800438c       0x38 ./Application/User/usart_aspep_driver.o
                0x000000000800438c                UASPEP_RECEIVE_BUFFER
 .text.UASPEP_IDLE_ENABLE
                0x00000000080043c4       0x18 ./Application/User/usart_aspep_driver.o
                0x00000000080043c4                UASPEP_IDLE_ENABLE
 .text.SystemInit
                0x00000000080043dc       0x14 ./Drivers/CMSIS/system_stm32g4xx.o
                0x00000000080043dc                SystemInit
 .text.HAL_Init
                0x00000000080043f0       0x20 ./Drivers/STM32G4xx_HAL_Driver/stm32g4xx_hal.o
                0x00000000080043f0                HAL_Init
 .text.HAL_IncTick
                0x0000000008004410       0x18 ./Drivers/STM32G4xx_HAL_Driver/stm32g4xx_hal.o
                0x0000000008004410                HAL_IncTick
 .text.HAL_GetTick
                0x0000000008004428        0xc ./Drivers/STM32G4xx_HAL_Driver/stm32g4xx_hal.o
                0x0000000008004428                HAL_GetTick
 .text.HAL_ADC_Init
                0x0000000008004434      0x208 ./Drivers/STM32G4xx_HAL_Driver/stm32g4xx_hal_adc.o
                0x0000000008004434                HAL_ADC_Init
 .text.HAL_ADC_ConfigChannel
                0x000000000800463c      0x4d8 ./Drivers/STM32G4xx_HAL_Driver/stm32g4xx_hal_adc.o
                0x000000000800463c                HAL_ADC_ConfigChannel
 .text.HAL_ADCEx_InjectedConfigChannel
                0x0000000008004b14      0x5f4 ./Drivers/STM32G4xx_HAL_Driver/stm32g4xx_hal_adc_ex.o
                0x0000000008004b14                HAL_ADCEx_InjectedConfigChannel
 .text.HAL_ADCEx_MultiModeConfigChannel
                0x0000000008005108       0xcc ./Drivers/STM32G4xx_HAL_Driver/stm32g4xx_hal_adc_ex.o
                0x0000000008005108                HAL_ADCEx_MultiModeConfigChannel
 .text.HAL_CORDIC_Init
                0x00000000080051d4       0x34 ./Drivers/STM32G4xx_HAL_Driver/stm32g4xx_hal_cordic.o
                0x00000000080051d4                HAL_CORDIC_Init
 .text.HAL_NVIC_SetPriorityGrouping
                0x0000000008005208       0x24 ./Drivers/STM32G4xx_HAL_Driver/stm32g4xx_hal_cortex.o
                0x0000000008005208                HAL_NVIC_SetPriorityGrouping
 .text.HAL_NVIC_SetPriority
                0x000000000800522c       0x7c ./Drivers/STM32G4xx_HAL_Driver/stm32g4xx_hal_cortex.o
                0x000000000800522c                HAL_NVIC_SetPriority
 .text.HAL_NVIC_EnableIRQ
                0x00000000080052a8       0x1c ./Drivers/STM32G4xx_HAL_Driver/stm32g4xx_hal_cortex.o
                0x00000000080052a8                HAL_NVIC_EnableIRQ
 .text.HAL_SYSTICK_Config
                0x00000000080052c4       0x34 ./Drivers/STM32G4xx_HAL_Driver/stm32g4xx_hal_cortex.o
                0x00000000080052c4                HAL_SYSTICK_Config
 .text.HAL_DMA_Init
                0x00000000080052f8      0x12c ./Drivers/STM32G4xx_HAL_Driver/stm32g4xx_hal_dma.o
                0x00000000080052f8                HAL_DMA_Init
 .text.HAL_GPIO_Init
                0x0000000008005424      0x1f0 ./Drivers/STM32G4xx_HAL_Driver/stm32g4xx_hal_gpio.o
                0x0000000008005424                HAL_GPIO_Init
 .text.HAL_PWREx_ControlVoltageScaling
                0x0000000008005614       0xfc ./Drivers/STM32G4xx_HAL_Driver/stm32g4xx_hal_pwr_ex.o
                0x0000000008005614                HAL_PWREx_ControlVoltageScaling
 .text.HAL_PWREx_DisableUCPDDeadBattery
                0x0000000008005710       0x10 ./Drivers/STM32G4xx_HAL_Driver/stm32g4xx_hal_pwr_ex.o
                0x0000000008005710                HAL_PWREx_DisableUCPDDeadBattery
 .text.HAL_RCC_OscConfig
                0x0000000008005720      0x498 ./Drivers/STM32G4xx_HAL_Driver/stm32g4xx_hal_rcc.o
                0x0000000008005720                HAL_RCC_OscConfig
 .text.HAL_RCC_GetSysClockFreq
                0x0000000008005bb8       0x70 ./Drivers/STM32G4xx_HAL_Driver/stm32g4xx_hal_rcc.o
                0x0000000008005bb8                HAL_RCC_GetSysClockFreq
 .text.HAL_RCC_ClockConfig
                0x0000000008005c28      0x224 ./Drivers/STM32G4xx_HAL_Driver/stm32g4xx_hal_rcc.o
                0x0000000008005c28                HAL_RCC_ClockConfig
 .text.HAL_RCC_GetHCLKFreq
                0x0000000008005e4c        0xc ./Drivers/STM32G4xx_HAL_Driver/stm32g4xx_hal_rcc.o
                0x0000000008005e4c                HAL_RCC_GetHCLKFreq
 .text.HAL_RCC_GetPCLK1Freq
                0x0000000008005e58       0x24 ./Drivers/STM32G4xx_HAL_Driver/stm32g4xx_hal_rcc.o
                0x0000000008005e58                HAL_RCC_GetPCLK1Freq
 .text.HAL_RCC_GetPCLK2Freq
                0x0000000008005e7c       0x24 ./Drivers/STM32G4xx_HAL_Driver/stm32g4xx_hal_rcc.o
                0x0000000008005e7c                HAL_RCC_GetPCLK2Freq
 .text.HAL_RCC_GetClockConfig
                0x0000000008005ea0       0x44 ./Drivers/STM32G4xx_HAL_Driver/stm32g4xx_hal_rcc.o
                0x0000000008005ea0                HAL_RCC_GetClockConfig
 .text.HAL_RCC_EnableCSS
                0x0000000008005ee4       0x10 ./Drivers/STM32G4xx_HAL_Driver/stm32g4xx_hal_rcc.o
                0x0000000008005ee4                HAL_RCC_EnableCSS
 .text.HAL_RCCEx_PeriphCLKConfig
                0x0000000008005ef4      0x298 ./Drivers/STM32G4xx_HAL_Driver/stm32g4xx_hal_rcc_ex.o
                0x0000000008005ef4                HAL_RCCEx_PeriphCLKConfig
 .text.TIM_OC1_SetConfig
                0x000000000800618c       0x78 ./Drivers/STM32G4xx_HAL_Driver/stm32g4xx_hal_tim.o
 .text.TIM_OC3_SetConfig
                0x0000000008006204       0x80 ./Drivers/STM32G4xx_HAL_Driver/stm32g4xx_hal_tim.o
 .text.TIM_OC4_SetConfig
                0x0000000008006284       0x80 ./Drivers/STM32G4xx_HAL_Driver/stm32g4xx_hal_tim.o
 .text.HAL_TIM_Base_Init
                0x0000000008006304      0x110 ./Drivers/STM32G4xx_HAL_Driver/stm32g4xx_hal_tim.o
                0x0000000008006304                HAL_TIM_Base_Init
 .text.HAL_TIM_Base_Start_IT
                0x0000000008006414       0x74 ./Drivers/STM32G4xx_HAL_Driver/stm32g4xx_hal_tim.o
                0x0000000008006414                HAL_TIM_Base_Start_IT
 .text.HAL_TIM_PWM_MspInit
                0x0000000008006488        0x4 ./Drivers/STM32G4xx_HAL_Driver/stm32g4xx_hal_tim.o
                0x0000000008006488                HAL_TIM_PWM_MspInit
 .text.HAL_TIM_PWM_Init
                0x000000000800648c      0x110 ./Drivers/STM32G4xx_HAL_Driver/stm32g4xx_hal_tim.o
                0x000000000800648c                HAL_TIM_PWM_Init
 .text.HAL_TIM_ConfigClockSource
                0x000000000800659c      0x1a8 ./Drivers/STM32G4xx_HAL_Driver/stm32g4xx_hal_tim.o
                0x000000000800659c                HAL_TIM_ConfigClockSource
 .text.HAL_TIM_SlaveConfigSynchro
                0x0000000008006744      0x14c ./Drivers/STM32G4xx_HAL_Driver/stm32g4xx_hal_tim.o
                0x0000000008006744                HAL_TIM_SlaveConfigSynchro
 .text.HAL_TIM_OC_DelayElapsedCallback
                0x0000000008006890        0x4 ./Drivers/STM32G4xx_HAL_Driver/stm32g4xx_hal_tim.o
                0x0000000008006890                HAL_TIM_OC_DelayElapsedCallback
 .text.HAL_TIM_IC_CaptureCallback
                0x0000000008006894        0x4 ./Drivers/STM32G4xx_HAL_Driver/stm32g4xx_hal_tim.o
                0x0000000008006894                HAL_TIM_IC_CaptureCallback
 .text.HAL_TIM_PWM_PulseFinishedCallback
                0x0000000008006898        0x4 ./Drivers/STM32G4xx_HAL_Driver/stm32g4xx_hal_tim.o
                0x0000000008006898                HAL_TIM_PWM_PulseFinishedCallback
 .text.HAL_TIM_TriggerCallback
                0x000000000800689c        0x4 ./Drivers/STM32G4xx_HAL_Driver/stm32g4xx_hal_tim.o
                0x000000000800689c                HAL_TIM_TriggerCallback
 .text.HAL_TIM_IRQHandler
                0x00000000080068a0      0x1f4 ./Drivers/STM32G4xx_HAL_Driver/stm32g4xx_hal_tim.o
                0x00000000080068a0                HAL_TIM_IRQHandler
 .text.TIM_Base_SetConfig
                0x0000000008006a94       0xd0 ./Drivers/STM32G4xx_HAL_Driver/stm32g4xx_hal_tim.o
                0x0000000008006a94                TIM_Base_SetConfig
 .text.TIM_OC2_SetConfig
                0x0000000008006b64       0x80 ./Drivers/STM32G4xx_HAL_Driver/stm32g4xx_hal_tim.o
                0x0000000008006b64                TIM_OC2_SetConfig
 .text.HAL_TIM_PWM_ConfigChannel
                0x0000000008006be4      0x1fc ./Drivers/STM32G4xx_HAL_Driver/stm32g4xx_hal_tim.o
                0x0000000008006be4                HAL_TIM_PWM_ConfigChannel
 .text.TIM_TI1_SetConfig
                0x0000000008006de0       0x68 ./Drivers/STM32G4xx_HAL_Driver/stm32g4xx_hal_tim.o
                0x0000000008006de0                TIM_TI1_SetConfig
 .text.HAL_TIMEx_HallSensor_MspInit
                0x0000000008006e48        0x4 ./Drivers/STM32G4xx_HAL_Driver/stm32g4xx_hal_tim_ex.o
                0x0000000008006e48                HAL_TIMEx_HallSensor_MspInit
 .text.HAL_TIMEx_HallSensor_Init
                0x0000000008006e4c       0xd4 ./Drivers/STM32G4xx_HAL_Driver/stm32g4xx_hal_tim_ex.o
                0x0000000008006e4c                HAL_TIMEx_HallSensor_Init
 .text.HAL_TIMEx_MasterConfigSynchronization
                0x0000000008006f20       0x94 ./Drivers/STM32G4xx_HAL_Driver/stm32g4xx_hal_tim_ex.o
                0x0000000008006f20                HAL_TIMEx_MasterConfigSynchronization
 .text.HAL_TIMEx_ConfigBreakDeadTime
                0x0000000008006fb4       0x9c ./Drivers/STM32G4xx_HAL_Driver/stm32g4xx_hal_tim_ex.o
                0x0000000008006fb4                HAL_TIMEx_ConfigBreakDeadTime
 .text.HAL_TIMEx_ConfigBreakInput
                0x0000000008007050       0xb8 ./Drivers/STM32G4xx_HAL_Driver/stm32g4xx_hal_tim_ex.o
                0x0000000008007050                HAL_TIMEx_ConfigBreakInput
 .text.HAL_TIMEx_CommutCallback
                0x0000000008007108        0x4 ./Drivers/STM32G4xx_HAL_Driver/stm32g4xx_hal_tim_ex.o
                0x0000000008007108                HAL_TIMEx_CommutCallback
 .text.HAL_TIMEx_BreakCallback
                0x000000000800710c        0x4 ./Drivers/STM32G4xx_HAL_Driver/stm32g4xx_hal_tim_ex.o
                0x000000000800710c                HAL_TIMEx_BreakCallback
 .text.HAL_TIMEx_Break2Callback
                0x0000000008007110        0x4 ./Drivers/STM32G4xx_HAL_Driver/stm32g4xx_hal_tim_ex.o
                0x0000000008007110                HAL_TIMEx_Break2Callback
 .text.HAL_TIMEx_EncoderIndexCallback
                0x0000000008007114        0x4 ./Drivers/STM32G4xx_HAL_Driver/stm32g4xx_hal_tim_ex.o
                0x0000000008007114                HAL_TIMEx_EncoderIndexCallback
 .text.HAL_TIMEx_DirectionChangeCallback
                0x0000000008007118        0x4 ./Drivers/STM32G4xx_HAL_Driver/stm32g4xx_hal_tim_ex.o
                0x0000000008007118                HAL_TIMEx_DirectionChangeCallback
 .text.HAL_TIMEx_IndexErrorCallback
                0x000000000800711c        0x4 ./Drivers/STM32G4xx_HAL_Driver/stm32g4xx_hal_tim_ex.o
                0x000000000800711c                HAL_TIMEx_IndexErrorCallback
 .text.HAL_TIMEx_TransitionErrorCallback
                0x0000000008007120        0x4 ./Drivers/STM32G4xx_HAL_Driver/stm32g4xx_hal_tim_ex.o
                0x0000000008007120                HAL_TIMEx_TransitionErrorCallback
 .text.UART_SetConfig
                0x0000000008007124      0x2e0 ./Drivers/STM32G4xx_HAL_Driver/stm32g4xx_hal_uart.o
                0x0000000008007124                UART_SetConfig
 .text.UART_AdvFeatureConfig
                0x0000000008007404       0xb0 ./Drivers/STM32G4xx_HAL_Driver/stm32g4xx_hal_uart.o
                0x0000000008007404                UART_AdvFeatureConfig
 .text.UART_WaitOnFlagUntilTimeout
                0x00000000080074b4       0xf0 ./Drivers/STM32G4xx_HAL_Driver/stm32g4xx_hal_uart.o
                0x00000000080074b4                UART_WaitOnFlagUntilTimeout
 .text.HAL_UART_Init
                0x00000000080075a4       0xd8 ./Drivers/STM32G4xx_HAL_Driver/stm32g4xx_hal_uart.o
                0x00000000080075a4                HAL_UART_Init
 .text.HAL_UARTEx_DisableFifoMode
                0x000000000800767c       0x3c ./Drivers/STM32G4xx_HAL_Driver/stm32g4xx_hal_uart_ex.o
                0x000000000800767c                HAL_UARTEx_DisableFifoMode
 .text.HAL_UARTEx_SetTxFifoThreshold
                0x00000000080076b8       0x84 ./Drivers/STM32G4xx_HAL_Driver/stm32g4xx_hal_uart_ex.o
                0x00000000080076b8                HAL_UARTEx_SetTxFifoThreshold
 .text.HAL_UARTEx_SetRxFifoThreshold
                0x000000000800773c       0x84 ./Drivers/STM32G4xx_HAL_Driver/stm32g4xx_hal_uart_ex.o
                0x000000000800773c                HAL_UARTEx_SetRxFifoThreshold
 .text.osKernelStart
                0x00000000080077c0        0xc ./Middlewares/FreeRTOS/cmsis_os.o
                0x00000000080077c0                osKernelStart
 .text.osThreadCreate
                0x00000000080077cc       0x38 ./Middlewares/FreeRTOS/cmsis_os.o
                0x00000000080077cc                osThreadCreate
 .text.pvPortMalloc
                0x0000000008007804      0x170 ./Middlewares/FreeRTOS/heap_4.o
                0x0000000008007804                pvPortMalloc
 .text.vPortFree
                0x0000000008007974       0xc4 ./Middlewares/FreeRTOS/heap_4.o
                0x0000000008007974                vPortFree
 .text.vListInitialise
                0x0000000008007a38       0x18 ./Middlewares/FreeRTOS/list.o
                0x0000000008007a38                vListInitialise
 .text.vListInitialiseItem
                0x0000000008007a50        0x8 ./Middlewares/FreeRTOS/list.o
                0x0000000008007a50                vListInitialiseItem
 .text.vListInsertEnd
                0x0000000008007a58       0x20 ./Middlewares/FreeRTOS/list.o
                0x0000000008007a58                vListInsertEnd
 .text.vListInsert
                0x0000000008007a78       0x30 ./Middlewares/FreeRTOS/list.o
                0x0000000008007a78                vListInsert
 .text.uxListRemove
                0x0000000008007aa8       0x28 ./Middlewares/FreeRTOS/list.o
                0x0000000008007aa8                uxListRemove
 .text.prvPortStartFirstTask
                0x0000000008007ad0       0x28 ./Middlewares/FreeRTOS/port.o
 .text.vPortEnableVFP
                0x0000000008007af8       0x14 ./Middlewares/FreeRTOS/port.o
 .text.prvTaskExitError
                0x0000000008007b0c       0x40 ./Middlewares/FreeRTOS/port.o
 .text.pxPortInitialiseStack
                0x0000000008007b4c       0x28 ./Middlewares/FreeRTOS/port.o
                0x0000000008007b4c                pxPortInitialiseStack
 *fill*         0x0000000008007b74        0xc 
 .text.SVC_Handler
                0x0000000008007b80       0x24 ./Middlewares/FreeRTOS/port.o
                0x0000000008007b80                SVC_Handler
 .text.vPortEnterCritical
                0x0000000008007ba4       0x44 ./Middlewares/FreeRTOS/port.o
                0x0000000008007ba4                vPortEnterCritical
 .text.vPortExitCritical
                0x0000000008007be8       0x28 ./Middlewares/FreeRTOS/port.o
                0x0000000008007be8                vPortExitCritical
 .text.PendSV_Handler
                0x0000000008007c10       0x64 ./Middlewares/FreeRTOS/port.o
                0x0000000008007c10                PendSV_Handler
 .text.SysTick_Handler
                0x0000000008007c74       0x2c ./Middlewares/FreeRTOS/port.o
                0x0000000008007c74                SysTick_Handler
 .text.xPortStartScheduler
                0x0000000008007ca0      0x140 ./Middlewares/FreeRTOS/port.o
                0x0000000008007ca0                xPortStartScheduler
 .text.prvIdleTask
                0x0000000008007de0       0x6c ./Middlewares/FreeRTOS/tasks.o
 .text.prvAddCurrentTaskToDelayedList
                0x0000000008007e4c       0x8c ./Middlewares/FreeRTOS/tasks.o
 .text.xTaskIncrementTick.part.0
                0x0000000008007ed8      0x154 ./Middlewares/FreeRTOS/tasks.o
 .text.xTaskResumeAll.part.0
                0x000000000800802c      0x144 ./Middlewares/FreeRTOS/tasks.o
 .text.xTaskCreate
                0x0000000008008170      0x260 ./Middlewares/FreeRTOS/tasks.o
                0x0000000008008170                xTaskCreate
 .text.vTaskDelay
                0x00000000080083d0       0x60 ./Middlewares/FreeRTOS/tasks.o
                0x00000000080083d0                vTaskDelay
 .text.vTaskStartScheduler
                0x0000000008008430      0x1cc ./Middlewares/FreeRTOS/tasks.o
                0x0000000008008430                vTaskStartScheduler
 .text.vTaskSuspendAll
                0x00000000080085fc       0x10 ./Middlewares/FreeRTOS/tasks.o
                0x00000000080085fc                vTaskSuspendAll
 .text.xTaskResumeAll
                0x000000000800860c       0x20 ./Middlewares/FreeRTOS/tasks.o
                0x000000000800860c                xTaskResumeAll
 .text.xTaskIncrementTick
                0x000000000800862c       0x20 ./Middlewares/FreeRTOS/tasks.o
                0x000000000800862c                xTaskIncrementTick
 .text.vTaskSwitchContext
                0x000000000800864c       0x70 ./Middlewares/FreeRTOS/tasks.o
                0x000000000800864c                vTaskSwitchContext
 .text.VBS_GetAvBusVoltage_V
                0x00000000080086bc        0xc ./Middlewares/MotorControl/bus_voltage_sensor.o
                0x00000000080086bc                VBS_GetAvBusVoltage_V
 .text.Circle_Limitation
                0x00000000080086c8       0x60 ./Middlewares/MotorControl/circle_limitation.o
                0x00000000080086c8                Circle_Limitation
 .text.MCP_ReceivedPacket
                0x0000000008008728      0x188 ./Middlewares/MotorControl/mcp.o
                0x0000000008008728                MCP_ReceivedPacket
 .text.MCPA_dataLog
                0x00000000080088b0      0x188 ./Middlewares/MotorControl/mcpa.o
                0x00000000080088b0                MCPA_dataLog
 .text.MCPA_flushDataLog
                0x0000000008008a38       0x5c ./Middlewares/MotorControl/mcpa.o
                0x0000000008008a38                MCPA_flushDataLog
 .text.MCPA_cfgLog
                0x0000000008008a94       0xec ./Middlewares/MotorControl/mcpa.o
                0x0000000008008a94                MCPA_cfgLog
 .text.NTC_SetFaultState
                0x0000000008008b80       0x1c ./Middlewares/MotorControl/ntc_temperature_sensor.o
                0x0000000008008b80                NTC_SetFaultState
 .text.NTC_Clear
                0x0000000008008b9c        0x8 ./Middlewares/MotorControl/ntc_temperature_sensor.o
                0x0000000008008b9c                NTC_Clear
 .text.NTC_Init
                0x0000000008008ba4       0x24 ./Middlewares/MotorControl/ntc_temperature_sensor.o
                0x0000000008008ba4                NTC_Init
 .text.NTC_CalcAvTemp
                0x0000000008008bc8       0x38 ./Middlewares/MotorControl/ntc_temperature_sensor.o
                0x0000000008008bc8                NTC_CalcAvTemp
 .text.NTC_GetAvTemp_C
                0x0000000008008c00       0x24 ./Middlewares/MotorControl/ntc_temperature_sensor.o
                0x0000000008008c00                NTC_GetAvTemp_C
 .text.PID_HandleInit
                0x0000000008008c24       0x10 ./Middlewares/MotorControl/pid_regulator.o
                0x0000000008008c24                PID_HandleInit
 .text.PID_SetKP
                0x0000000008008c34        0x4 ./Middlewares/MotorControl/pid_regulator.o
                0x0000000008008c34                PID_SetKP
 .text.PID_SetKI
                0x0000000008008c38        0x4 ./Middlewares/MotorControl/pid_regulator.o
                0x0000000008008c38                PID_SetKI
 .text.PID_GetKP
                0x0000000008008c3c        0x8 ./Middlewares/MotorControl/pid_regulator.o
                0x0000000008008c3c                PID_GetKP
 .text.PID_GetKI
                0x0000000008008c44        0x8 ./Middlewares/MotorControl/pid_regulator.o
                0x0000000008008c44                PID_GetKI
 .text.PID_SetIntegralTerm
                0x0000000008008c4c        0x4 ./Middlewares/MotorControl/pid_regulator.o
                0x0000000008008c4c                PID_SetIntegralTerm
 .text.PID_GetKPDivisorPOW2
                0x0000000008008c50        0x4 ./Middlewares/MotorControl/pid_regulator.o
                0x0000000008008c50                PID_GetKPDivisorPOW2
 .text.PID_SetKPDivisorPOW2
                0x0000000008008c54        0xc ./Middlewares/MotorControl/pid_regulator.o
                0x0000000008008c54                PID_SetKPDivisorPOW2
 .text.PID_GetKIDivisorPOW2
                0x0000000008008c60        0x4 ./Middlewares/MotorControl/pid_regulator.o
                0x0000000008008c60                PID_GetKIDivisorPOW2
 .text.PID_SetLowerIntegralTermLimit
                0x0000000008008c64        0x4 ./Middlewares/MotorControl/pid_regulator.o
                0x0000000008008c64                PID_SetLowerIntegralTermLimit
 .text.PID_SetUpperIntegralTermLimit
                0x0000000008008c68        0x4 ./Middlewares/MotorControl/pid_regulator.o
                0x0000000008008c68                PID_SetUpperIntegralTermLimit
 .text.PID_SetKIDivisorPOW2
                0x0000000008008c6c       0x28 ./Middlewares/MotorControl/pid_regulator.o
                0x0000000008008c6c                PID_SetKIDivisorPOW2
 .text.PID_SetKD
                0x0000000008008c94        0x4 ./Middlewares/MotorControl/pid_regulator.o
                0x0000000008008c94                PID_SetKD
 .text.PID_GetKD
                0x0000000008008c98        0x8 ./Middlewares/MotorControl/pid_regulator.o
                0x0000000008008c98                PID_GetKD
 .text.PID_GetKDDivisorPOW2
                0x0000000008008ca0        0x4 ./Middlewares/MotorControl/pid_regulator.o
                0x0000000008008ca0                PID_GetKDDivisorPOW2
 .text.PID_SetKDDivisorPOW2
                0x0000000008008ca4        0xc ./Middlewares/MotorControl/pid_regulator.o
                0x0000000008008ca4                PID_SetKDDivisorPOW2
 .text.PI_Controller
                0x0000000008008cb0       0x8c ./Middlewares/MotorControl/pid_regulator.o
                0x0000000008008cb0                PI_Controller
 .text.PQD_CalcElMotorPower
                0x0000000008008d3c       0x34 ./Middlewares/MotorControl/pqd_motor_power_measurement.o
                0x0000000008008d3c                PQD_CalcElMotorPower
 .text.PQD_Clear
                0x0000000008008d70        0x8 ./Middlewares/MotorControl/pqd_motor_power_measurement.o
                0x0000000008008d70                PQD_Clear
 .text.PQD_GetAvrgElMotorPowerW
                0x0000000008008d78       0x24 ./Middlewares/MotorControl/pqd_motor_power_measurement.o
                0x0000000008008d78                PQD_GetAvrgElMotorPowerW
 .text.startTimers
                0x0000000008008d9c       0x70 ./Middlewares/MotorControl/pwm_common.o
                0x0000000008008d9c                startTimers
 .text.waitForPolarizationEnd
                0x0000000008008e0c       0x3c ./Middlewares/MotorControl/pwm_common.o
                0x0000000008008e0c                waitForPolarizationEnd
 .text.R3_2_ADCxInit
                0x0000000008008e48       0xb4 ./Middlewares/MotorControl/r3_2_g4xx_pwm_curr_fdbk.o
 .text.R3_2_GetPhaseCurrents
                0x0000000008008efc      0x184 ./Middlewares/MotorControl/r3_2_g4xx_pwm_curr_fdbk.o
                0x0000000008008efc                R3_2_GetPhaseCurrents
 .text.R3_2_SetADCSampPointPolarization
                0x0000000008009080       0x40 ./Middlewares/MotorControl/r3_2_g4xx_pwm_curr_fdbk.o
                0x0000000008009080                R3_2_SetADCSampPointPolarization
 .text.R3_2_HFCurrentsPolarizationAB
                0x00000000080090c0       0x58 ./Middlewares/MotorControl/r3_2_g4xx_pwm_curr_fdbk.o
 .text.R3_2_HFCurrentsPolarizationC
                0x0000000008009118       0x4c ./Middlewares/MotorControl/r3_2_g4xx_pwm_curr_fdbk.o
 .text.R3_2_TurnOnLowSides
                0x0000000008009164       0x50 ./Middlewares/MotorControl/r3_2_g4xx_pwm_curr_fdbk.o
                0x0000000008009164                R3_2_TurnOnLowSides
 .text.R3_2_SwitchOnPWM
                0x00000000080091b4       0x98 ./Middlewares/MotorControl/r3_2_g4xx_pwm_curr_fdbk.o
                0x00000000080091b4                R3_2_SwitchOnPWM
 .text.R3_2_SwitchOffPWM
                0x000000000800924c       0x80 ./Middlewares/MotorControl/r3_2_g4xx_pwm_curr_fdbk.o
                0x000000000800924c                R3_2_SwitchOffPWM
 .text.R3_2_RLGetPhaseCurrents
                0x00000000080092cc       0x60 ./Middlewares/MotorControl/r3_2_g4xx_pwm_curr_fdbk.o
 .text.R3_2_RLTurnOnLowSides
                0x000000000800932c       0x4c ./Middlewares/MotorControl/r3_2_g4xx_pwm_curr_fdbk.o
 .text.R3_2_RLSwitchOnPWM
                0x0000000008009378       0xb4 ./Middlewares/MotorControl/r3_2_g4xx_pwm_curr_fdbk.o
 .text.R3_2_SetAOReferenceVoltage
                0x000000000800942c       0x98 ./Middlewares/MotorControl/r3_2_g4xx_pwm_curr_fdbk.o
 .text.R3_2_Init
                0x00000000080094c4      0x29c ./Middlewares/MotorControl/r3_2_g4xx_pwm_curr_fdbk.o
                0x00000000080094c4                R3_2_Init
 .text.R3_2_SetOffsetCalib
                0x0000000008009760       0x1c ./Middlewares/MotorControl/r3_2_g4xx_pwm_curr_fdbk.o
                0x0000000008009760                R3_2_SetOffsetCalib
 .text.R3_2_GetOffsetCalib
                0x000000000800977c       0x10 ./Middlewares/MotorControl/r3_2_g4xx_pwm_curr_fdbk.o
                0x000000000800977c                R3_2_GetOffsetCalib
 .text.R3_2_CurrentReadingPolarization
                0x000000000800978c      0x168 ./Middlewares/MotorControl/r3_2_g4xx_pwm_curr_fdbk.o
                0x000000000800978c                R3_2_CurrentReadingPolarization
 .text.R3_2_SetADCSampPointSectX
                0x00000000080098f4       0x8c ./Middlewares/MotorControl/r3_2_g4xx_pwm_curr_fdbk.o
                0x00000000080098f4                R3_2_SetADCSampPointSectX
 .text.R3_2_TIMx_UP_IRQHandler
                0x0000000008009980       0x90 ./Middlewares/MotorControl/r3_2_g4xx_pwm_curr_fdbk.o
                0x0000000008009980                R3_2_TIMx_UP_IRQHandler
 .text.R3_2_BRK2_IRQHandler
                0x0000000008009a10       0x48 ./Middlewares/MotorControl/r3_2_g4xx_pwm_curr_fdbk.o
                0x0000000008009a10                R3_2_BRK2_IRQHandler
 .text.R3_2_BRK_IRQHandler
                0x0000000008009a58       0x20 ./Middlewares/MotorControl/r3_2_g4xx_pwm_curr_fdbk.o
                0x0000000008009a58                R3_2_BRK_IRQHandler
 .text.R3_2_IsOverCurrentOccurred
                0x0000000008009a78       0x28 ./Middlewares/MotorControl/r3_2_g4xx_pwm_curr_fdbk.o
                0x0000000008009a78                R3_2_IsOverCurrentOccurred
 .text.R3_2_RLDetectionModeEnable
                0x0000000008009aa0       0xd4 ./Middlewares/MotorControl/r3_2_g4xx_pwm_curr_fdbk.o
                0x0000000008009aa0                R3_2_RLDetectionModeEnable
 .text.R3_2_RLDetectionModeDisable
                0x0000000008009b74      0x134 ./Middlewares/MotorControl/r3_2_g4xx_pwm_curr_fdbk.o
                0x0000000008009b74                R3_2_RLDetectionModeDisable
 .text.R3_2_RLDetectionModeSetDuty
                0x0000000008009ca8       0x88 ./Middlewares/MotorControl/r3_2_g4xx_pwm_curr_fdbk.o
                0x0000000008009ca8                R3_2_RLDetectionModeSetDuty
 .text.RVBS_Clear
                0x0000000008009d30       0x40 ./Middlewares/MotorControl/r_divider_bus_voltage_sensor.o
                0x0000000008009d30                RVBS_Clear
 .text.RVBS_Init
                0x0000000008009d70       0x18 ./Middlewares/MotorControl/r_divider_bus_voltage_sensor.o
                0x0000000008009d70                RVBS_Init
 .text.RVBS_CheckFaultState
                0x0000000008009d88       0x4c ./Middlewares/MotorControl/r_divider_bus_voltage_sensor.o
                0x0000000008009d88                RVBS_CheckFaultState
 .text.RVBS_CalcAvVbus
                0x0000000008009dd4       0x68 ./Middlewares/MotorControl/r_divider_bus_voltage_sensor.o
                0x0000000008009dd4                RVBS_CalcAvVbus
 .text.REMNG_Init
                0x0000000008009e3c       0x10 ./Middlewares/MotorControl/ramp_ext_mngr.o
                0x0000000008009e3c                REMNG_Init
 .text.SPD_GetElAngle
                0x0000000008009e4c        0x8 ./Middlewares/MotorControl/speed_pos_fdbk.o
                0x0000000008009e4c                SPD_GetElAngle
 .text.SPD_GetAvrgMecSpeedUnit
                0x0000000008009e54        0x8 ./Middlewares/MotorControl/speed_pos_fdbk.o
                0x0000000008009e54                SPD_GetAvrgMecSpeedUnit
 .text.SPD_GetInstElSpeedDpp
                0x0000000008009e5c        0x8 ./Middlewares/MotorControl/speed_pos_fdbk.o
                0x0000000008009e5c                SPD_GetInstElSpeedDpp
 .text.SPD_IsMecSpeedReliable
                0x0000000008009e64       0x6c ./Middlewares/MotorControl/speed_pos_fdbk.o
                0x0000000008009e64                SPD_IsMecSpeedReliable
 .text.SPD_GetS16Speed
                0x0000000008009ed0       0x14 ./Middlewares/MotorControl/speed_pos_fdbk.o
                0x0000000008009ed0                SPD_GetS16Speed
 .text.STC_Init
                0x0000000008009ee4       0x2c ./Middlewares/MotorControl/speed_torq_ctrl.o
                0x0000000008009ee4                STC_Init
 .text.STC_GetSpeedSensor
                0x0000000008009f10        0x4 ./Middlewares/MotorControl/speed_torq_ctrl.o
                0x0000000008009f10                STC_GetSpeedSensor
 .text.STC_Clear
                0x0000000008009f14       0x10 ./Middlewares/MotorControl/speed_torq_ctrl.o
                0x0000000008009f14                STC_Clear
 .text.STC_GetMecSpeedRefUnit
                0x0000000008009f24        0x8 ./Middlewares/MotorControl/speed_torq_ctrl.o
                0x0000000008009f24                STC_GetMecSpeedRefUnit
 .text.STC_GetTorqueRef
                0x0000000008009f2c        0x8 ./Middlewares/MotorControl/speed_torq_ctrl.o
                0x0000000008009f2c                STC_GetTorqueRef
 .text.STC_SetControlMode
                0x0000000008009f34        0x8 ./Middlewares/MotorControl/speed_torq_ctrl.o
                0x0000000008009f34                STC_SetControlMode
 .text.STC_ExecRamp
                0x0000000008009f3c       0x88 ./Middlewares/MotorControl/speed_torq_ctrl.o
                0x0000000008009f3c                STC_ExecRamp
 .text.STC_StopRamp
                0x0000000008009fc4        0x8 ./Middlewares/MotorControl/speed_torq_ctrl.o
                0x0000000008009fc4                STC_StopRamp
 .text.STC_CalcTorqueReference
                0x0000000008009fcc       0x54 ./Middlewares/MotorControl/speed_torq_ctrl.o
                0x0000000008009fcc                STC_CalcTorqueReference
 .text.STC_GetMecSpeedRefUnitDefault
                0x000000000800a020        0x8 ./Middlewares/MotorControl/speed_torq_ctrl.o
                0x000000000800a020                STC_GetMecSpeedRefUnitDefault
 .text.STC_GetDefaultIqdref
                0x000000000800a028       0x1c ./Middlewares/MotorControl/speed_torq_ctrl.o
                0x000000000800a028                STC_GetDefaultIqdref
 .text.STC_ForceSpeedReferenceToCurrentSpeed
                0x000000000800a044       0x10 ./Middlewares/MotorControl/speed_torq_ctrl.o
                0x000000000800a044                STC_ForceSpeedReferenceToCurrentSpeed
 .text.__libc_init_array
                0x000000000800a054       0x48 c:/st/stm32cubeide_1.12.0/stm32cubeide/plugins/com.st.stm32cube.ide.mcu.externaltools.gnu-tools-for-stm32.10.3-2021.10.win32_1.0.200.202301161003/tools/bin/../lib/gcc/arm-none-eabi/10.3.1/../../../../arm-none-eabi/lib/thumb/v7e-m+fp/hard\libc_nano.a(lib_a-init.o)
                0x000000000800a054                __libc_init_array
 .text.memcpy   0x000000000800a09c       0x1c c:/st/stm32cubeide_1.12.0/stm32cubeide/plugins/com.st.stm32cube.ide.mcu.externaltools.gnu-tools-for-stm32.10.3-2021.10.win32_1.0.200.202301161003/tools/bin/../lib/gcc/arm-none-eabi/10.3.1/../../../../arm-none-eabi/lib/thumb/v7e-m+fp/hard\libc_nano.a(lib_a-memcpy-stub.o)
                0x000000000800a09c                memcpy
 .text.memset   0x000000000800a0b8       0x10 c:/st/stm32cubeide_1.12.0/stm32cubeide/plugins/com.st.stm32cube.ide.mcu.externaltools.gnu-tools-for-stm32.10.3-2021.10.win32_1.0.200.202301161003/tools/bin/../lib/gcc/arm-none-eabi/10.3.1/../../../../arm-none-eabi/lib/thumb/v7e-m+fp/hard\libc_nano.a(lib_a-memset.o)
                0x000000000800a0b8                memset
 *(.glue_7)
 .glue_7        0x000000000800a0c8        0x0 linker stubs
 *(.glue_7t)
 .glue_7t       0x000000000800a0c8        0x0 linker stubs
 *(.eh_frame)
 .eh_frame      0x000000000800a0c8        0x0 c:/st/stm32cubeide_1.12.0/stm32cubeide/plugins/com.st.stm32cube.ide.mcu.externaltools.gnu-tools-for-stm32.10.3-2021.10.win32_1.0.200.202301161003/tools/bin/../lib/gcc/arm-none-eabi/10.3.1/thumb/v7e-m+fp/hard/crtbegin.o
 *(.init)
 .init          0x000000000800a0c8        0x4 c:/st/stm32cubeide_1.12.0/stm32cubeide/plugins/com.st.stm32cube.ide.mcu.externaltools.gnu-tools-for-stm32.10.3-2021.10.win32_1.0.200.202301161003/tools/bin/../lib/gcc/arm-none-eabi/10.3.1/thumb/v7e-m+fp/hard/crti.o
                0x000000000800a0c8                _init
 .init          0x000000000800a0cc        0x8 c:/st/stm32cubeide_1.12.0/stm32cubeide/plugins/com.st.stm32cube.ide.mcu.externaltools.gnu-tools-for-stm32.10.3-2021.10.win32_1.0.200.202301161003/tools/bin/../lib/gcc/arm-none-eabi/10.3.1/thumb/v7e-m+fp/hard/crtn.o
 *(.fini)
 .fini          0x000000000800a0d4        0x4 c:/st/stm32cubeide_1.12.0/stm32cubeide/plugins/com.st.stm32cube.ide.mcu.externaltools.gnu-tools-for-stm32.10.3-2021.10.win32_1.0.200.202301161003/tools/bin/../lib/gcc/arm-none-eabi/10.3.1/thumb/v7e-m+fp/hard/crti.o
                0x000000000800a0d4                _fini
 .fini          0x000000000800a0d8        0x8 c:/st/stm32cubeide_1.12.0/stm32cubeide/plugins/com.st.stm32cube.ide.mcu.externaltools.gnu-tools-for-stm32.10.3-2021.10.win32_1.0.200.202301161003/tools/bin/../lib/gcc/arm-none-eabi/10.3.1/thumb/v7e-m+fp/hard/crtn.o
                0x000000000800a0e0                . = ALIGN (0x4)
                0x000000000800a0e0                _etext = .

.vfp11_veneer   0x000000000800a0e0        0x0
 .vfp11_veneer  0x000000000800a0e0        0x0 linker stubs

.v4_bx          0x000000000800a0e0        0x0
 .v4_bx         0x000000000800a0e0        0x0 linker stubs

.iplt           0x000000000800a0e0        0x0
 .iplt          0x000000000800a0e0        0x0 c:/st/stm32cubeide_1.12.0/stm32cubeide/plugins/com.st.stm32cube.ide.mcu.externaltools.gnu-tools-for-stm32.10.3-2021.10.win32_1.0.200.202301161003/tools/bin/../lib/gcc/arm-none-eabi/10.3.1/thumb/v7e-m+fp/hard/crtbegin.o

.rodata         0x000000000800a0e0      0x42c
                0x000000000800a0e0                . = ALIGN (0x4)
 *(.rodata)
 .rodata        0x000000000800a0e0       0x28 ./Application/User/main.o
 *(.rodata*)
 .rodata.CRC4_Lookup4
                0x000000000800a108       0x10 ./Application/User/aspep.o
 .rodata.CRC4_Lookup8
                0x000000000800a118      0x100 ./Application/User/aspep.o
 .rodata.str1.4
                0x000000000800a218       0x17 ./Application/User/main.o
 *fill*         0x000000000800a22f        0x1 
 .rodata.CTL_BOARD
                0x000000000800a230        0xe ./Application/User/mc_configuration_registers.o
                0x000000000800a230                CTL_BOARD
 *fill*         0x000000000800a23e        0x2 
 .rodata.FIRMWARE_NAME
                0x000000000800a240       0x14 ./Application/User/mc_configuration_registers.o
                0x000000000800a240                FIRMWARE_NAME
 .rodata.M1_ApplicationConfig_reg
                0x000000000800a254        0xe ./Application/User/mc_configuration_registers.o
 *fill*         0x000000000800a262        0x2 
 .rodata.M1_FOCConfig_reg
                0x000000000800a264        0xe ./Application/User/mc_configuration_registers.o
 *fill*         0x000000000800a272        0x2 
 .rodata.M1_MotorConfig_reg
                0x000000000800a274       0x3c ./Application/User/mc_configuration_registers.o
                0x000000000800a274                M1_MotorConfig_reg
 .rodata.M1_PWR_BOARD
                0x000000000800a2b0       0x11 ./Application/User/mc_configuration_registers.o
 *fill*         0x000000000800a2c1        0x3 
 .rodata.globalConfig_reg
                0x000000000800a2c4        0xa ./Application/User/mc_configuration_registers.o
                0x000000000800a2c4                globalConfig_reg
 *fill*         0x000000000800a2ce        0x2 
 .rodata.R3_2_ParamsM1
                0x000000000800a2d0       0xcc ./Application/User/mc_parameters.o
                0x000000000800a2d0                R3_2_ParamsM1
 .rodata.CSWTCH.32
                0x000000000800a39c       0x11 ./Application/User/register_interface.o
 *fill*         0x000000000800a3ad        0x3 
 .rodata.CHANNEL_OFFSET_TAB
                0x000000000800a3b0        0x6 ./Application/User/usart_aspep_driver.o
 *fill*         0x000000000800a3b6        0x2 
 .rodata.AHBPrescTable
                0x000000000800a3b8       0x10 ./Drivers/CMSIS/system_stm32g4xx.o
                0x000000000800a3b8                AHBPrescTable
 .rodata.APBPrescTable
                0x000000000800a3c8        0x8 ./Drivers/CMSIS/system_stm32g4xx.o
                0x000000000800a3c8                APBPrescTable
 .rodata.CSWTCH.112
                0x000000000800a3d0       0x40 ./Drivers/STM32G4xx_HAL_Driver/stm32g4xx_hal_tim_ex.o
 .rodata.CSWTCH.113
                0x000000000800a410       0x40 ./Drivers/STM32G4xx_HAL_Driver/stm32g4xx_hal_tim_ex.o
 .rodata.CSWTCH.114
                0x000000000800a450       0x40 ./Drivers/STM32G4xx_HAL_Driver/stm32g4xx_hal_tim_ex.o
 .rodata.CSWTCH.115
                0x000000000800a490       0x40 ./Drivers/STM32G4xx_HAL_Driver/stm32g4xx_hal_tim_ex.o
 .rodata.CSWTCH.60
                0x000000000800a4d0        0x3 ./Drivers/STM32G4xx_HAL_Driver/stm32g4xx_hal_uart.o
 *fill*         0x000000000800a4d3        0x1 
 .rodata.CSWTCH.61
                0x000000000800a4d4        0xd ./Drivers/STM32G4xx_HAL_Driver/stm32g4xx_hal_uart.o
 *fill*         0x000000000800a4e1        0x3 
 .rodata.UARTPrescTable
                0x000000000800a4e4       0x18 ./Drivers/STM32G4xx_HAL_Driver/stm32g4xx_hal_uart.o
                0x000000000800a4e4                UARTPrescTable
 .rodata.denominator.0
                0x000000000800a4fc        0x8 ./Drivers/STM32G4xx_HAL_Driver/stm32g4xx_hal_uart_ex.o
 .rodata.numerator.1
                0x000000000800a504        0x8 ./Drivers/STM32G4xx_HAL_Driver/stm32g4xx_hal_uart_ex.o
                0x000000000800a50c                . = ALIGN (0x4)

.ARM.extab      0x000000000800a50c        0x0
                0x000000000800a50c                . = ALIGN (0x4)
 *(.ARM.extab* .gnu.linkonce.armextab.*)
                0x000000000800a50c                . = ALIGN (0x4)

.ARM            0x000000000800a50c        0x8
                0x000000000800a50c                . = ALIGN (0x4)
                0x000000000800a50c                __exidx_start = .
 *(.ARM.exidx*)
 .ARM.exidx     0x000000000800a50c        0x8 c:/st/stm32cubeide_1.12.0/stm32cubeide/plugins/com.st.stm32cube.ide.mcu.externaltools.gnu-tools-for-stm32.10.3-2021.10.win32_1.0.200.202301161003/tools/bin/../lib/gcc/arm-none-eabi/10.3.1/thumb/v7e-m+fp/hard\libgcc.a(_udivmoddi4.o)
                0x000000000800a514                __exidx_end = .
                0x000000000800a514                . = ALIGN (0x4)

.rel.dyn        0x000000000800a514        0x0
 .rel.iplt      0x000000000800a514        0x0 c:/st/stm32cubeide_1.12.0/stm32cubeide/plugins/com.st.stm32cube.ide.mcu.externaltools.gnu-tools-for-stm32.10.3-2021.10.win32_1.0.200.202301161003/tools/bin/../lib/gcc/arm-none-eabi/10.3.1/thumb/v7e-m+fp/hard/crtbegin.o

.preinit_array  0x000000000800a514        0x0
                0x000000000800a514                . = ALIGN (0x4)
                0x000000000800a514                PROVIDE (__preinit_array_start = .)
 *(.preinit_array*)
                0x000000000800a514                PROVIDE (__preinit_array_end = .)
                0x000000000800a514                . = ALIGN (0x4)

.init_array     0x000000000800a514        0x4
                0x000000000800a514                . = ALIGN (0x4)
                0x000000000800a514                PROVIDE (__init_array_start = .)
 *(SORT_BY_NAME(.init_array.*))
 *(.init_array*)
 .init_array    0x000000000800a514        0x4 c:/st/stm32cubeide_1.12.0/stm32cubeide/plugins/com.st.stm32cube.ide.mcu.externaltools.gnu-tools-for-stm32.10.3-2021.10.win32_1.0.200.202301161003/tools/bin/../lib/gcc/arm-none-eabi/10.3.1/thumb/v7e-m+fp/hard/crtbegin.o
                0x000000000800a518                PROVIDE (__init_array_end = .)
                0x000000000800a518                . = ALIGN (0x4)

.fini_array     0x000000000800a518        0x4
                0x000000000800a518                . = ALIGN (0x4)
                [!provide]                        PROVIDE (__fini_array_start = .)
 *(SORT_BY_NAME(.fini_array.*))
 *(.fini_array*)
 .fini_array    0x000000000800a518        0x4 c:/st/stm32cubeide_1.12.0/stm32cubeide/plugins/com.st.stm32cube.ide.mcu.externaltools.gnu-tools-for-stm32.10.3-2021.10.win32_1.0.200.202301161003/tools/bin/../lib/gcc/arm-none-eabi/10.3.1/thumb/v7e-m+fp/hard/crtbegin.o
                [!provide]                        PROVIDE (__fini_array_end = .)
                0x000000000800a51c                . = ALIGN (0x4)
                0x000000000800a51c                _sidata = LOADADDR (.data)

.data           0x0000000020000000      0x438 load address 0x000000000800a51c
                0x0000000020000000                . = ALIGN (0x4)
                0x0000000020000000                _sdata = .
 *(.data)
 *(.data*)
 .data.BusVoltageSensor_M1
                0x0000000020000000       0x2c ./Application/User/mc_config.o
                0x0000000020000000                BusVoltageSensor_M1
 .data.CircleLimitationM1
                0x000000002000002c       0xb4 ./Application/User/mc_config.o
                0x000000002000002c                CircleLimitationM1
 .data.HALL_M1  0x00000000200000e0       0xc8 ./Application/User/mc_config.o
                0x00000000200000e0                HALL_M1
 .data.PIDIdHandle_M1
                0x00000000200001a8       0x2c ./Application/User/mc_config.o
                0x00000000200001a8                PIDIdHandle_M1
 .data.PIDIqHandle_M1
                0x00000000200001d4       0x2c ./Application/User/mc_config.o
                0x00000000200001d4                PIDIqHandle_M1
 .data.PIDSpeedHandle_M1
                0x0000000020000200       0x2c ./Application/User/mc_config.o
                0x0000000020000200                PIDSpeedHandle_M1
 .data.PQD_MotorPowMeasM1
                0x000000002000022c       0x10 ./Application/User/mc_config.o
                0x000000002000022c                PQD_MotorPowMeasM1
 .data.PWM_Handle_M1
                0x000000002000023c       0x90 ./Application/User/mc_config.o
                0x000000002000023c                PWM_Handle_M1
 .data.RampExtMngrHFParamsM1
                0x00000000200002cc       0x18 ./Application/User/mc_config.o
                0x00000000200002cc                RampExtMngrHFParamsM1
 .data.SpeednTorqCtrlM1
                0x00000000200002e4       0x34 ./Application/User/mc_config.o
                0x00000000200002e4                SpeednTorqCtrlM1
 .data.TempSensor_M1
                0x0000000020000318       0x28 ./Application/User/mc_config.o
                0x0000000020000318                TempSensor_M1
 .data.pMPM     0x0000000020000340        0x4 ./Application/User/mc_config.o
                0x0000000020000340                pMPM
 .data.pPIDId   0x0000000020000344        0x4 ./Application/User/mc_config.o
                0x0000000020000344                pPIDId
 .data.pPIDIq   0x0000000020000348        0x4 ./Application/User/mc_config.o
                0x0000000020000348                pPIDIq
 .data.pSTC     0x000000002000034c        0x4 ./Application/User/mc_config.o
                0x000000002000034c                pSTC
 .data.pTemperatureSensor
                0x0000000020000350        0x4 ./Application/User/mc_config.o
                0x0000000020000350                pTemperatureSensor
 .data.ApplicationConfig_reg
                0x0000000020000354        0x4 ./Application/User/mc_configuration_registers.o
                0x0000000020000354                ApplicationConfig_reg
 .data.FOCConfig_reg
                0x0000000020000358        0x4 ./Application/User/mc_configuration_registers.o
                0x0000000020000358                FOCConfig_reg
 .data.MotorConfig_reg
                0x000000002000035c        0x4 ./Application/User/mc_configuration_registers.o
                0x000000002000035c                MotorConfig_reg
 .data.PWR_BOARD_NAME
                0x0000000020000360        0x4 ./Application/User/mc_configuration_registers.o
                0x0000000020000360                PWR_BOARD_NAME
 .data.MCPA_UART_A
                0x0000000020000364       0x2c ./Application/User/mcp_config.o
                0x0000000020000364                MCPA_UART_A
 .data.MCP_Over_UartA
                0x0000000020000390       0x10 ./Application/User/mcp_config.o
                0x0000000020000390                MCP_Over_UartA
 .data.UASPEP_A
                0x00000000200003a0       0x14 ./Application/User/mcp_config.o
 .data.aspepOverUartA
                0x00000000200003b4       0x74 ./Application/User/mcp_config.o
                0x00000000200003b4                aspepOverUartA
 .data.SystemCoreClock
                0x0000000020000428        0x4 ./Drivers/CMSIS/system_stm32g4xx.o
                0x0000000020000428                SystemCoreClock
 .data.uwTickFreq
                0x000000002000042c        0x4 ./Drivers/STM32G4xx_HAL_Driver/stm32g4xx_hal.o
                0x000000002000042c                uwTickFreq
 .data.uwTickPrio
                0x0000000020000430        0x4 ./Drivers/STM32G4xx_HAL_Driver/stm32g4xx_hal.o
                0x0000000020000430                uwTickPrio
 .data.uxCriticalNesting
                0x0000000020000434        0x4 ./Middlewares/FreeRTOS/port.o
 *(.RamFunc)
 *(.RamFunc*)
                0x0000000020000438                . = ALIGN (0x4)
                0x0000000020000438                _edata = .

.igot.plt       0x0000000020000438        0x0 load address 0x000000000800a954
 .igot.plt      0x0000000020000438        0x0 c:/st/stm32cubeide_1.12.0/stm32cubeide/plugins/com.st.stm32cube.ide.mcu.externaltools.gnu-tools-for-stm32.10.3-2021.10.win32_1.0.200.202301161003/tools/bin/../lib/gcc/arm-none-eabi/10.3.1/thumb/v7e-m+fp/hard/crtbegin.o
                0x0000000020000438                . = ALIGN (0x4)

.bss            0x0000000020000438     0x22fc load address 0x000000000800a954
                0x0000000020000438                _sbss = .
                0x0000000020000438                __bss_start__ = _sbss
 *(.bss)
 .bss           0x0000000020000438       0x1c c:/st/stm32cubeide_1.12.0/stm32cubeide/plugins/com.st.stm32cube.ide.mcu.externaltools.gnu-tools-for-stm32.10.3-2021.10.win32_1.0.200.202301161003/tools/bin/../lib/gcc/arm-none-eabi/10.3.1/thumb/v7e-m+fp/hard/crtbegin.o
 *(.bss*)
 .bss.hadc1     0x0000000020000454       0x6c ./Application/User/main.o
                0x0000000020000454                hadc1
 .bss.hadc2     0x00000000200004c0       0x6c ./Application/User/main.o
                0x00000000200004c0                hadc2
 .bss.hcordic   0x000000002000052c       0x28 ./Application/User/main.o
                0x000000002000052c                hcordic
 .bss.hdma_usart2_rx
                0x0000000020000554       0x60 ./Application/User/main.o
                0x0000000020000554                hdma_usart2_rx
 .bss.hdma_usart2_tx
                0x00000000200005b4       0x60 ./Application/User/main.o
                0x00000000200005b4                hdma_usart2_tx
 .bss.htim1     0x0000000020000614       0x4c ./Application/User/main.o
                0x0000000020000614                htim1
 .bss.htim2     0x0000000020000660       0x4c ./Application/User/main.o
                0x0000000020000660                htim2
 .bss.huart2    0x00000000200006ac       0x90 ./Application/User/main.o
                0x00000000200006ac                huart2
 .bss.mediumFrequencyHandle
                0x000000002000073c        0x4 ./Application/User/main.o
                0x000000002000073c                mediumFrequencyHandle
 .bss.safetyHandle
                0x0000000020000740        0x4 ./Application/User/main.o
                0x0000000020000740                safetyHandle
 .bss.Mci       0x0000000020000744       0x20 ./Application/User/mc_config.o
                0x0000000020000744                Mci
 .bss.RealBusVoltageSensorFilterBufferM1
                0x0000000020000764        0xc ./Application/User/mc_config.o
 .bss.FOCVars   0x0000000020000770       0x26 ./Application/User/mc_tasks.o
 .bss.bMCBootCompleted
                0x0000000020000796        0x1 ./Application/User/mc_tasks.o
 *fill*         0x0000000020000797        0x1 
 .bss.hBootCapDelayCounterM1
                0x0000000020000798        0x2 ./Application/User/mc_tasks.o
 .bss.hMFTaskCounterM1
                0x000000002000079a        0x2 ./Application/User/mc_tasks.o
 .bss.hStopPermanencyCounterM1
                0x000000002000079c        0x2 ./Application/User/mc_tasks.o
 .bss.hVolAngle
                0x000000002000079e        0x2 ./Application/User/mc_tasks.o
 .bss.pwmcHandle
                0x00000000200007a0        0x4 ./Application/User/mc_tasks.o
 .bss.MCPAsyncBuffUARTA_A
                0x00000000200007a4      0x806 ./Application/User/mcp_config.o
 *fill*         0x0000000020000faa        0x2 
 .bss.MCPAsyncBuffUARTA_B
                0x0000000020000fac      0x806 ./Application/User/mcp_config.o
 *fill*         0x00000000200017b2        0x2 
 .bss.MCPSyncRXBuff
                0x00000000200017b4       0x82 ./Application/User/mcp_config.o
 *fill*         0x0000000020001836        0x2 
 .bss.MCPSyncTxBuff
                0x0000000020001838       0x86 ./Application/User/mcp_config.o
 *fill*         0x00000000200018be        0x2 
 .bss.MCP_UserCallBack
                0x00000000200018c0        0x8 ./Application/User/mcp_config.o
                0x00000000200018c0                MCP_UserCallBack
 .bss.dataPtrTableA
                0x00000000200018c8       0x28 ./Application/User/mcp_config.o
                0x00000000200018c8                dataPtrTableA
 .bss.dataPtrTableBuffA
                0x00000000200018f0       0x28 ./Application/User/mcp_config.o
                0x00000000200018f0                dataPtrTableBuffA
 .bss.dataSizeTableA
                0x0000000020001918        0xa ./Application/User/mcp_config.o
                0x0000000020001918                dataSizeTableA
 *fill*         0x0000000020001922        0x2 
 .bss.dataSizeTableBuffA
                0x0000000020001924        0xa ./Application/User/mcp_config.o
                0x0000000020001924                dataSizeTableBuffA
 *fill*         0x000000002000192e        0x2 
 .bss.pMCI      0x0000000020001930        0x4 ./Application/User/motorcontrol.o
                0x0000000020001930                pMCI
 .bss.CntPhA    0x0000000020001934        0x2 ./Application/User/pwm_curr_fdbk.o
                0x0000000020001934                CntPhA
 .bss.nullData16.0
                0x0000000020001936        0x2 ./Application/User/register_interface.o
 .bss.RCM_CB_array
                0x0000000020001938       0x20 ./Application/User/regular_conversion_manager.o
 .bss.RCM_NoInj_array
                0x0000000020001958       0x18 ./Application/User/regular_conversion_manager.o
 .bss.RCM_UserConvHandle
                0x0000000020001970        0x1 ./Application/User/regular_conversion_manager.o
 .bss.RCM_UserConvState
                0x0000000020001971        0x1 ./Application/User/regular_conversion_manager.o
 .bss.RCM_UserConvValue
                0x0000000020001972        0x2 ./Application/User/regular_conversion_manager.o
 .bss.RCM_currentHandle
                0x0000000020001974        0x1 ./Application/User/regular_conversion_manager.o
 *fill*         0x0000000020001975        0x3 
 .bss.RCM_handle_array
                0x0000000020001978       0x10 ./Application/User/regular_conversion_manager.o
 .bss.HAL_RCC_ADC12_CLK_ENABLED
                0x0000000020001988        0x4 ./Application/User/stm32g4xx_hal_msp.o
 .bss.htim6     0x000000002000198c       0x4c ./Application/User/stm32g4xx_hal_timebase_tim.o
                0x000000002000198c                htim6
 .bss.uwTick    0x00000000200019d8        0x4 ./Drivers/STM32G4xx_HAL_Driver/stm32g4xx_hal.o
                0x00000000200019d8                uwTick
 .bss.pxEnd     0x00000000200019dc        0x4 ./Middlewares/FreeRTOS/heap_4.o
 .bss.ucHeap    0x00000000200019e0      0xc00 ./Middlewares/FreeRTOS/heap_4.o
 .bss.xBlockAllocatedBit
                0x00000000200025e0        0x4 ./Middlewares/FreeRTOS/heap_4.o
 .bss.xFreeBytesRemaining
                0x00000000200025e4        0x4 ./Middlewares/FreeRTOS/heap_4.o
 .bss.xMinimumEverFreeBytesRemaining
                0x00000000200025e8        0x4 ./Middlewares/FreeRTOS/heap_4.o
 .bss.xNumberOfSuccessfulAllocations
                0x00000000200025ec        0x4 ./Middlewares/FreeRTOS/heap_4.o
 .bss.xNumberOfSuccessfulFrees
                0x00000000200025f0        0x4 ./Middlewares/FreeRTOS/heap_4.o
 .bss.xStart    0x00000000200025f4        0x8 ./Middlewares/FreeRTOS/heap_4.o
 .bss.ucMaxSysCallPriority
                0x00000000200025fc        0x1 ./Middlewares/FreeRTOS/port.o
 *fill*         0x00000000200025fd        0x3 
 .bss.ulMaxPRIGROUPValue
                0x0000000020002600        0x4 ./Middlewares/FreeRTOS/port.o
 .bss.pxCurrentTCB
                0x0000000020002604        0x4 ./Middlewares/FreeRTOS/tasks.o
                0x0000000020002604                pxCurrentTCB
 .bss.pxDelayedTaskList
                0x0000000020002608        0x4 ./Middlewares/FreeRTOS/tasks.o
 .bss.pxOverflowDelayedTaskList
                0x000000002000260c        0x4 ./Middlewares/FreeRTOS/tasks.o
 .bss.pxReadyTasksLists
                0x0000000020002610       0x8c ./Middlewares/FreeRTOS/tasks.o
 .bss.uxCurrentNumberOfTasks
                0x000000002000269c        0x4 ./Middlewares/FreeRTOS/tasks.o
 .bss.uxDeletedTasksWaitingCleanUp
                0x00000000200026a0        0x4 ./Middlewares/FreeRTOS/tasks.o
 .bss.uxSchedulerSuspended
                0x00000000200026a4        0x4 ./Middlewares/FreeRTOS/tasks.o
 .bss.uxTaskNumber
                0x00000000200026a8        0x4 ./Middlewares/FreeRTOS/tasks.o
 .bss.uxTopReadyPriority
                0x00000000200026ac        0x4 ./Middlewares/FreeRTOS/tasks.o
 .bss.xDelayedTaskList1
                0x00000000200026b0       0x14 ./Middlewares/FreeRTOS/tasks.o
 .bss.xDelayedTaskList2
                0x00000000200026c4       0x14 ./Middlewares/FreeRTOS/tasks.o
 .bss.xIdleTaskHandle
                0x00000000200026d8        0x4 ./Middlewares/FreeRTOS/tasks.o
 .bss.xNextTaskUnblockTime
                0x00000000200026dc        0x4 ./Middlewares/FreeRTOS/tasks.o
 .bss.xNumOfOverflows
                0x00000000200026e0        0x4 ./Middlewares/FreeRTOS/tasks.o
 .bss.xPendedTicks
                0x00000000200026e4        0x4 ./Middlewares/FreeRTOS/tasks.o
 .bss.xPendingReadyList
                0x00000000200026e8       0x14 ./Middlewares/FreeRTOS/tasks.o
 .bss.xSchedulerRunning
                0x00000000200026fc        0x4 ./Middlewares/FreeRTOS/tasks.o
 .bss.xSuspendedTaskList
                0x0000000020002700       0x14 ./Middlewares/FreeRTOS/tasks.o
 .bss.xTasksWaitingTermination
                0x0000000020002714       0x14 ./Middlewares/FreeRTOS/tasks.o
 .bss.xTickCount
                0x0000000020002728        0x4 ./Middlewares/FreeRTOS/tasks.o
 .bss.xYieldPending
                0x000000002000272c        0x4 ./Middlewares/FreeRTOS/tasks.o
 .bss.GLOBAL_TIMESTAMP
                0x0000000020002730        0x4 ./Middlewares/MotorControl/mcpa.o
                0x0000000020002730                GLOBAL_TIMESTAMP
 *(COMMON)
                0x0000000020002734                . = ALIGN (0x4)
                0x0000000020002734                _ebss = .
                0x0000000020002734                __bss_end__ = _ebss

._user_heap_stack
                0x0000000020002734      0x604 load address 0x000000000800a954
                0x0000000020002738                . = ALIGN (0x8)
 *fill*         0x0000000020002734        0x4 
                [!provide]                        PROVIDE (end = .)
                0x0000000020002738                PROVIDE (_end = .)
                0x0000000020002938                . = (. + _Min_Heap_Size)
 *fill*         0x0000000020002738      0x200 
                0x0000000020002d38                . = (. + _Min_Stack_Size)
 *fill*         0x0000000020002938      0x400 
                0x0000000020002d38                . = ALIGN (0x8)

/DISCARD/
 libc.a(*)
 libm.a(*)
 libgcc.a(*)

.ARM.attributes
                0x0000000000000000       0x30
 *(.ARM.attributes)
 .ARM.attributes
                0x0000000000000000       0x1e c:/st/stm32cubeide_1.12.0/stm32cubeide/plugins/com.st.stm32cube.ide.mcu.externaltools.gnu-tools-for-stm32.10.3-2021.10.win32_1.0.200.202301161003/tools/bin/../lib/gcc/arm-none-eabi/10.3.1/thumb/v7e-m+fp/hard/crti.o
 .ARM.attributes
                0x000000000000001e       0x34 c:/st/stm32cubeide_1.12.0/stm32cubeide/plugins/com.st.stm32cube.ide.mcu.externaltools.gnu-tools-for-stm32.10.3-2021.10.win32_1.0.200.202301161003/tools/bin/../lib/gcc/arm-none-eabi/10.3.1/thumb/v7e-m+fp/hard/crtbegin.o
 .ARM.attributes
                0x0000000000000052       0x21 ./Application/Startup/startup_stm32g431rbtx.o
 .ARM.attributes
                0x0000000000000073       0x30 ./Application/User/aspep.o
 .ARM.attributes
                0x00000000000000a3       0x30 ./Application/User/hall_speed_pos_fdbk.o
 .ARM.attributes
                0x00000000000000d3       0x30 ./Application/User/main.o
 .ARM.attributes
                0x0000000000000103       0x30 ./Application/User/mc_api.o
 .ARM.attributes
                0x0000000000000133       0x30 ./Application/User/mc_app_hooks.o
 .ARM.attributes
                0x0000000000000163       0x30 ./Application/User/mc_config.o
 .ARM.attributes
                0x0000000000000193       0x30 ./Application/User/mc_configuration_registers.o
 .ARM.attributes
                0x00000000000001c3       0x30 ./Application/User/mc_interface.o
 .ARM.attributes
                0x00000000000001f3       0x30 ./Application/User/mc_math.o
 .ARM.attributes
                0x0000000000000223       0x30 ./Application/User/mc_parameters.o
 .ARM.attributes
                0x0000000000000253       0x30 ./Application/User/mc_tasks.o
 .ARM.attributes
                0x0000000000000283       0x30 ./Application/User/mcp_config.o
 .ARM.attributes
                0x00000000000002b3       0x30 ./Application/User/motorcontrol.o
 .ARM.attributes
                0x00000000000002e3       0x30 ./Application/User/pwm_curr_fdbk.o
 .ARM.attributes
                0x0000000000000313       0x30 ./Application/User/register_interface.o
 .ARM.attributes
                0x0000000000000343       0x30 ./Application/User/regular_conversion_manager.o
 .ARM.attributes
                0x0000000000000373       0x30 ./Application/User/stm32g4xx_hal_msp.o
 .ARM.attributes
                0x00000000000003a3       0x30 ./Application/User/stm32g4xx_hal_timebase_tim.o
 .ARM.attributes
                0x00000000000003d3       0x30 ./Application/User/stm32g4xx_it.o
 .ARM.attributes
                0x0000000000000403       0x30 ./Application/User/stm32g4xx_mc_it.o
 .ARM.attributes
                0x0000000000000433       0x30 ./Application/User/usart_aspep_driver.o
 .ARM.attributes
                0x0000000000000463       0x30 ./Drivers/CMSIS/system_stm32g4xx.o
 .ARM.attributes