C:/Users/zhuyi/Projects/MotorDrive_Undergrad/New_Servo_Motor/MCSDK_v6.1.1-Full/MotorControl/MCSDK/MCLib/Any/Src/feed_forward_ctrl.c:94:13:FF_Init	4	static
C:/Users/zhuyi/Projects/MotorDrive_Undergrad/New_Servo_Motor/MCSDK_v6.1.1-Full/MotorControl/MCSDK/MCLib/Any/Src/feed_forward_ctrl.c:124:13:FF_Clear	0	static
C:/Users/zhuyi/Projects/MotorDrive_Undergrad/New_Servo_Motor/MCSDK_v6.1.1-Full/MotorControl/MCSDK/MCLib/Any/Src/feed_forward_ctrl.c:150:13:FF_VqdffComputation	24	static
C:/Users/zhuyi/Projects/MotorDrive_Undergrad/New_Servo_Motor/MCSDK_v6.1.1-Full/MotorControl/MCSDK/MCLib/Any/Src/feed_forward_ctrl.c:221:13:FF_VqdConditioning	24	static
C:/Users/zhuyi/Projects/MotorDrive_Undergrad/New_Servo_Motor/MCSDK_v6.1.1-Full/MotorControl/MCSDK/MCLib/Any/Src/feed_forward_ctrl.c:266:13:FF_DataProcess	8	static
C:/Users/zhuyi/Projects/MotorDrive_Undergrad/New_Servo_Motor/MCSDK_v6.1.1-Full/MotorControl/MCSDK/MCLib/Any/Src/feed_forward_ctrl.c:314:13:FF_InitFOCAdditionalMethods	8	static
C:/Users/zhuyi/Projects/MotorDrive_Undergrad/New_Servo_Motor/MCSDK_v6.1.1-Full/MotorControl/MCSDK/MCLib/Any/Src/feed_forward_ctrl.c:340:13:FF_SetFFConstants	16	static
C:/Users/zhuyi/Projects/MotorDrive_Undergrad/New_Servo_Motor/MCSDK_v6.1.1-Full/MotorControl/MCSDK/MCLib/Any/Src/feed_forward_ctrl.c:368:26:FF_GetFFConstants	0	static
C:/Users/zhuyi/Projects/MotorDrive_Undergrad/New_Servo_Motor/MCSDK_v6.1.1-Full/MotorControl/MCSDK/MCLib/Any/Src/feed_forward_ctrl.c:397:13:FF_GetVqdff	8	static
C:/Users/zhuyi/Projects/MotorDrive_Undergrad/New_Servo_Motor/MCSDK_v6.1.1-Full/MotorControl/MCSDK/MCLib/Any/Src/feed_forward_ctrl.c:422:13:FF_GetVqdAvPIout	8	static
