C:/Users/zhuyi/Projects/MotorDrive_Undergrad/New_Servo_Motor/MCSDK_v6.1.1-Full/MotorControl/MCSDK/MCLib/Any/Src/revup_ctrl.c:122:13:RUC_Init	4	static
C:/Users/zhuyi/Projects/MotorDrive_Undergrad/New_Servo_Motor/MCSDK_v6.1.1-Full/MotorControl/MCSDK/MCLib/Any/Src/revup_ctrl.c:176:13:RUC_Clear	24	static
C:/Users/zhuyi/Projects/MotorDrive_Undergrad/New_Servo_Motor/MCSDK_v6.1.1-Full/MotorControl/MCSDK/MCLib/Any/Src/revup_ctrl.c:238:13:RUC_OTF_Exec	16	static
C:/Users/zhuyi/Projects/MotorDrive_Undergrad/New_Servo_Motor/MCSDK_v6.1.1-Full/MotorControl/MCSDK/MCLib/Any/Src/revup_ctrl.c:487:13:RUC_Exec	8	static
C:/Users/zhuyi/Projects/MotorDrive_Undergrad/New_Servo_Motor/MCSDK_v6.1.1-Full/MotorControl/MCSDK/MCLib/Any/Src/revup_ctrl.c:545:9:RUC_IsAlignStageNow	0	static
C:/Users/zhuyi/Projects/MotorDrive_Undergrad/New_Servo_Motor/MCSDK_v6.1.1-Full/MotorControl/MCSDK/MCLib/Any/Src/revup_ctrl.c:573:13:RUC_Completed	0	static
C:/Users/zhuyi/Projects/MotorDrive_Undergrad/New_Servo_Motor/MCSDK_v6.1.1-Full/MotorControl/MCSDK/MCLib/Any/Src/revup_ctrl.c:598:13:RUC_Stop	16	static
C:/Users/zhuyi/Projects/MotorDrive_Undergrad/New_Servo_Motor/MCSDK_v6.1.1-Full/MotorControl/MCSDK/MCLib/Any/Src/revup_ctrl.c:630:13:RUC_FirstAccelerationStageReached	0	static
C:/Users/zhuyi/Projects/MotorDrive_Undergrad/New_Servo_Motor/MCSDK_v6.1.1-Full/MotorControl/MCSDK/MCLib/Any/Src/revup_ctrl.c:659:13:RUC_SetPhaseDurationms	0	static
C:/Users/zhuyi/Projects/MotorDrive_Undergrad/New_Servo_Motor/MCSDK_v6.1.1-Full/MotorControl/MCSDK/MCLib/Any/Src/revup_ctrl.c:683:13:RUC_SetPhaseFinalMecSpeedUnit	0	static
C:/Users/zhuyi/Projects/MotorDrive_Undergrad/New_Servo_Motor/MCSDK_v6.1.1-Full/MotorControl/MCSDK/MCLib/Any/Src/revup_ctrl.c:706:13:RUC_SetPhaseFinalTorque	0	static
C:/Users/zhuyi/Projects/MotorDrive_Undergrad/New_Servo_Motor/MCSDK_v6.1.1-Full/MotorControl/MCSDK/MCLib/Any/Src/revup_ctrl.c:734:13:RUC_SetPhase	0	static
C:/Users/zhuyi/Projects/MotorDrive_Undergrad/New_Servo_Motor/MCSDK_v6.1.1-Full/MotorControl/MCSDK/MCLib/Any/Src/revup_ctrl.c:761:17:RUC_GetPhaseDurationms	0	static
C:/Users/zhuyi/Projects/MotorDrive_Undergrad/New_Servo_Motor/MCSDK_v6.1.1-Full/MotorControl/MCSDK/MCLib/Any/Src/revup_ctrl.c:777:16:RUC_GetPhaseFinalMecSpeedUnit	0	static
C:/Users/zhuyi/Projects/MotorDrive_Undergrad/New_Servo_Motor/MCSDK_v6.1.1-Full/MotorControl/MCSDK/MCLib/Any/Src/revup_ctrl.c:793:16:RUC_GetPhaseFinalTorque	0	static
C:/Users/zhuyi/Projects/MotorDrive_Undergrad/New_Servo_Motor/MCSDK_v6.1.1-Full/MotorControl/MCSDK/MCLib/Any/Src/revup_ctrl.c:809:16:RUC_GetNumberOfPhases	0	static
C:/Users/zhuyi/Projects/MotorDrive_Undergrad/New_Servo_Motor/MCSDK_v6.1.1-Full/MotorControl/MCSDK/MCLib/Any/Src/revup_ctrl.c:830:13:RUC_GetPhase	0	static
C:/Users/zhuyi/Projects/MotorDrive_Undergrad/New_Servo_Motor/MCSDK_v6.1.1-Full/MotorControl/MCSDK/MCLib/Any/Src/revup_ctrl.c:855:13:RUC_Get_SCLowsideOTF_Status	0	static
