C:/Users/zhuyi/Projects/MotorDrive_Undergrad/New_Servo_Motor/Src/aspep.c:163:6:ASPEP_start	16	static
C:/Users/zhuyi/Projects/MotorDrive_Undergrad/New_Servo_Motor/Src/aspep.c:185:6:ASPEP_sendBeacon	4	static,ignoring_inline_asm
C:/Users/zhuyi/Projects/MotorDrive_Undergrad/New_Servo_Motor/Src/aspep.c:216:6:ASPEP_sendPing	12	static,ignoring_inline_asm
C:/Users/zhuyi/Projects/MotorDrive_Undergrad/New_Servo_Motor/Src/aspep.c:241:6:ASPEP_getBuffer	4	static
C:/Users/zhuyi/Projects/MotorDrive_Undergrad/New_Servo_Motor/Src/aspep.c:304:6:ASPEP_CheckBeacon	24	static
C:/Users/zhuyi/Projects/MotorDrive_Undergrad/New_Servo_Motor/Src/aspep.c:345:9:ASPEP_sendPacket	16	static,ignoring_inline_asm
C:/Users/zhuyi/Projects/MotorDrive_Undergrad/New_Servo_Motor/Src/aspep.c:518:6:ASPEP_HWDataTransmittedIT	8	static,ignoring_inline_asm
C:/Users/zhuyi/Projects/MotorDrive_Undergrad/New_Servo_Motor/Src/aspep.c:586:10:ASPEP_RXframeProcess	32	static,ignoring_inline_asm
C:/Users/zhuyi/Projects/MotorDrive_Undergrad/New_Servo_Motor/Src/aspep.c:740:6:ASPEP_HWDataReceivedIT	8	static
C:/Users/zhuyi/Projects/MotorDrive_Undergrad/New_Servo_Motor/Src/aspep.c:829:6:ASPEP_HWDMAReset	0	static
