C:/Users/zhuyi/Projects/MotorDrive_Undergrad/New_Servo_Motor/Src/mc_interface.c:60:13:MCI_Init	0	static
C:/Users/zhuyi/Projects/MotorDrive_Undergrad/New_Servo_Motor/Src/mc_interface.c:102:13:MCI_ExecSpeedRamp	0	static
C:/Users/zhuyi/Projects/MotorDrive_Undergrad/New_Servo_Motor/Src/mc_interface.c:136:13:MCI_ExecSpeedRamp_F	8	static
C:/Users/zhuyi/Projects/MotorDrive_Undergrad/New_Servo_Motor/Src/mc_interface.c:170:13:MCI_ExecTorqueRamp	0	static
C:/Users/zhuyi/Projects/MotorDrive_Undergrad/New_Servo_Motor/Src/mc_interface.c:206:13:MCI_ExecTorqueRamp_F	8	static
C:/Users/zhuyi/Projects/MotorDrive_Undergrad/New_Servo_Motor/Src/mc_interface.c:234:13:MCI_SetCurrentReferences	8	static
C:/Users/zhuyi/Projects/MotorDrive_Undergrad/New_Servo_Motor/Src/mc_interface.c:266:13:MCI_SetCurrentReferences_F	24	static
C:/Users/zhuyi/Projects/MotorDrive_Undergrad/New_Servo_Motor/Src/mc_interface.c:296:13:MCI_SetSpeedMode	8	static
C:/Users/zhuyi/Projects/MotorDrive_Undergrad/New_Servo_Motor/Src/mc_interface.c:314:13:MCI_SetOpenLoopCurrent	8	static
C:/Users/zhuyi/Projects/MotorDrive_Undergrad/New_Servo_Motor/Src/mc_interface.c:332:13:MCI_SetOpenLoopVoltage	16	static
C:/Users/zhuyi/Projects/MotorDrive_Undergrad/New_Servo_Motor/Src/mc_interface.c:471:13:MCI_GetCalibratedOffsetsMotor	8	static
C:/Users/zhuyi/Projects/MotorDrive_Undergrad/New_Servo_Motor/Src/mc_interface.c:602:13:MCI_FaultProcessing	0	static
C:/Users/zhuyi/Projects/MotorDrive_Undergrad/New_Servo_Motor/Src/mc_interface.c:619:13:MCI_ExecBufferedCommands	8	static
C:/Users/zhuyi/Projects/MotorDrive_Undergrad/New_Servo_Motor/Src/mc_interface.c:689:28:MCI_IsCommandAcknowledged	0	static
C:/Users/zhuyi/Projects/MotorDrive_Undergrad/New_Servo_Motor/Src/mc_interface.c:721:21:MCI_GetSTMState	0	static
C:/Users/zhuyi/Projects/MotorDrive_Undergrad/New_Servo_Motor/Src/mc_interface.c:737:17:MCI_GetOccurredFaults	0	static
C:/Users/zhuyi/Projects/MotorDrive_Undergrad/New_Servo_Motor/Src/mc_interface.c:751:17:MCI_GetCurrentFaults	0	static
C:/Users/zhuyi/Projects/MotorDrive_Undergrad/New_Servo_Motor/Src/mc_interface.c:360:13:MCI_StartMotor	8	static
C:/Users/zhuyi/Projects/MotorDrive_Undergrad/New_Servo_Motor/Src/mc_interface.c:403:13:MCI_StartWithMeasurementOffset	8	static
C:/Users/zhuyi/Projects/MotorDrive_Undergrad/New_Servo_Motor/Src/mc_interface.c:440:13:MCI_StartOffsetMeasurments	8	static
C:/Users/zhuyi/Projects/MotorDrive_Undergrad/New_Servo_Motor/Src/mc_interface.c:503:13:MCI_SetCalibratedOffsetsMotor	16	static
C:/Users/zhuyi/Projects/MotorDrive_Undergrad/New_Servo_Motor/Src/mc_interface.c:534:13:MCI_StopMotor	16	static
C:/Users/zhuyi/Projects/MotorDrive_Undergrad/New_Servo_Motor/Src/mc_interface.c:575:13:MCI_FaultAcknowledged	8	static
C:/Users/zhuyi/Projects/MotorDrive_Undergrad/New_Servo_Motor/Src/mc_interface.c:767:17:MCI_GetFaultState	0	static
C:/Users/zhuyi/Projects/MotorDrive_Undergrad/New_Servo_Motor/Src/mc_interface.c:783:25:MCI_GetControlMode	0	static
C:/Users/zhuyi/Projects/MotorDrive_Undergrad/New_Servo_Motor/Src/mc_interface.c:799:16:MCI_GetImposedMotorDirection	0	static
C:/Users/zhuyi/Projects/MotorDrive_Undergrad/New_Servo_Motor/Src/mc_interface.c:849:16:MCI_GetLastRampFinalSpeed	0	static
C:/Users/zhuyi/Projects/MotorDrive_Undergrad/New_Servo_Motor/Src/mc_interface.c:875:16:MCI_GetLastRampFinalTorque	0	static
C:/Users/zhuyi/Projects/MotorDrive_Undergrad/New_Servo_Motor/Src/mc_interface.c:900:17:MCI_GetLastRampFinalDuration	0	static
C:/Users/zhuyi/Projects/MotorDrive_Undergrad/New_Servo_Motor/Src/mc_interface.c:924:14:MCI_GetLastRampFinalSpeed_F	0	static
C:/Users/zhuyi/Projects/MotorDrive_Undergrad/New_Servo_Motor/Src/mc_interface.c:944:13:MCI_RampCompleted	8	static
C:/Users/zhuyi/Projects/MotorDrive_Undergrad/New_Servo_Motor/Src/mc_interface.c:977:13:MCI_StopSpeedRamp	0	static
C:/Users/zhuyi/Projects/MotorDrive_Undergrad/New_Servo_Motor/Src/mc_interface.c:990:13:MCI_StopRamp	0	static
C:/Users/zhuyi/Projects/MotorDrive_Undergrad/New_Servo_Motor/Src/mc_interface.c:1014:13:MCI_GetSpdSensorReliability	8	static
C:/Users/zhuyi/Projects/MotorDrive_Undergrad/New_Servo_Motor/Src/mc_interface.c:1040:16:MCI_GetAvrgMecSpeedUnit	8	static
C:/Users/zhuyi/Projects/MotorDrive_Undergrad/New_Servo_Motor/Src/mc_interface.c:1064:14:MCI_GetAvrgMecSpeed_F	8	static
C:/Users/zhuyi/Projects/MotorDrive_Undergrad/New_Servo_Motor/Src/mc_interface.c:1077:16:MCI_GetMecSpeedRefUnit	0	static
C:/Users/zhuyi/Projects/MotorDrive_Undergrad/New_Servo_Motor/Src/mc_interface.c:1092:14:MCI_GetMecSpeedRef_F	8	static
C:/Users/zhuyi/Projects/MotorDrive_Undergrad/New_Servo_Motor/Src/mc_interface.c:1102:13:MCI_GetIab	8	static
C:/Users/zhuyi/Projects/MotorDrive_Undergrad/New_Servo_Motor/Src/mc_interface.c:1122:15:MCI_GetIab_F	32	static
C:/Users/zhuyi/Projects/MotorDrive_Undergrad/New_Servo_Motor/Src/mc_interface.c:1138:20:MCI_GetIalphabeta	8	static
C:/Users/zhuyi/Projects/MotorDrive_Undergrad/New_Servo_Motor/Src/mc_interface.c:1163:13:MCI_GetIqd	8	static
C:/Users/zhuyi/Projects/MotorDrive_Undergrad/New_Servo_Motor/Src/mc_interface.c:1188:15:MCI_GetIqd_F	32	static
C:/Users/zhuyi/Projects/MotorDrive_Undergrad/New_Servo_Motor/Src/mc_interface.c:1204:13:MCI_GetIqdHF	8	static
C:/Users/zhuyi/Projects/MotorDrive_Undergrad/New_Servo_Motor/Src/mc_interface.c:1229:13:MCI_GetIqdref	8	static
C:/Users/zhuyi/Projects/MotorDrive_Undergrad/New_Servo_Motor/Src/mc_interface.c:1254:15:MCI_GetIqdref_F	32	static
C:/Users/zhuyi/Projects/MotorDrive_Undergrad/New_Servo_Motor/Src/mc_interface.c:1269:13:MCI_GetVqd	8	static
C:/Users/zhuyi/Projects/MotorDrive_Undergrad/New_Servo_Motor/Src/mc_interface.c:1294:20:MCI_GetValphabeta	8	static
C:/Users/zhuyi/Projects/MotorDrive_Undergrad/New_Servo_Motor/Src/mc_interface.c:1320:16:MCI_GetElAngledpp	0	static
C:/Users/zhuyi/Projects/MotorDrive_Undergrad/New_Servo_Motor/Src/mc_interface.c:1335:16:MCI_GetTeref	0	static
C:/Users/zhuyi/Projects/MotorDrive_Undergrad/New_Servo_Motor/Src/mc_interface.c:1349:14:MCI_GetTeref_F	8	static
C:/Users/zhuyi/Projects/MotorDrive_Undergrad/New_Servo_Motor/Src/mc_interface.c:1362:16:MCI_GetPhaseCurrentAmplitude	0	static,ignoring_inline_asm
C:/Users/zhuyi/Projects/MotorDrive_Undergrad/New_Servo_Motor/Src/mc_interface.c:1391:16:MCI_GetPhaseVoltageAmplitude	8	static
C:/Users/zhuyi/Projects/MotorDrive_Undergrad/New_Servo_Motor/Src/mc_interface.c:1429:13:MCI_Clear_Iqdref	8	static
