C:/Users/zhuyi/Projects/MotorDrive_Undergrad/New_Servo_Motor/Src/mc_tasks.c:103:6:motor_control_major_tasks	8	static
C:/Users/zhuyi/Projects/MotorDrive_Undergrad/New_Servo_Motor/Src/mc_tasks.c:533:13:FOC_Clear	16	static
C:/Users/zhuyi/Projects/MotorDrive_Undergrad/New_Servo_Motor/Src/mc_tasks.c:124:13:MCboot	48	static
C:/Users/zhuyi/Projects/MotorDrive_Undergrad/New_Servo_Motor/Src/mc_tasks.c:572:13:FOC_InitAdditionalMethods	0	static
C:/Users/zhuyi/Projects/MotorDrive_Undergrad/New_Servo_Motor/Src/mc_tasks.c:596:13:FOC_CalcCurrRef	8	static
C:/Users/zhuyi/Projects/MotorDrive_Undergrad/New_Servo_Motor/Src/mc_tasks.c:623:13:TSK_SetChargeBootCapDelayM1	0	static
C:/Users/zhuyi/Projects/MotorDrive_Undergrad/New_Servo_Motor/Src/mc_tasks.c:634:13:TSK_ChargeBootCapDelayHasElapsedM1	0	static
C:/Users/zhuyi/Projects/MotorDrive_Undergrad/New_Servo_Motor/Src/mc_tasks.c:650:13:TSK_SetStopPermanencyTimeM1	0	static
C:/Users/zhuyi/Projects/MotorDrive_Undergrad/New_Servo_Motor/Src/mc_tasks.c:245:6:TSK_MF_StopProcessing	8	static
C:/Users/zhuyi/Projects/MotorDrive_Undergrad/New_Servo_Motor/Src/mc_tasks.c:661:13:TSK_StopPermanencyTimeHasElapsedM1	0	static
C:/Users/zhuyi/Projects/MotorDrive_Undergrad/New_Servo_Motor/Src/mc_tasks.c:335:13:TSK_MediumFrequencyTaskM1	24	static
C:/Users/zhuyi/Projects/MotorDrive_Undergrad/New_Servo_Motor/Src/mc_tasks.c:261:13:MC_Scheduler	16	static
C:/Users/zhuyi/Projects/MotorDrive_Undergrad/New_Servo_Motor/Src/mc_tasks.c:228:13:MC_RunMotorControlTasks	8	static
C:/Users/zhuyi/Projects/MotorDrive_Undergrad/New_Servo_Motor/Src/mc_tasks.c:687:16:TSK_HighFrequencyTask	48	static
C:/Users/zhuyi/Projects/MotorDrive_Undergrad/New_Servo_Motor/Src/mc_tasks.c:807:13:TSK_SafetyTask_PWMOFF	24	static
C:/Users/zhuyi/Projects/MotorDrive_Undergrad/New_Servo_Motor/Src/mc_tasks.c:785:13:TSK_SafetyTask	8	static
C:/Users/zhuyi/Projects/MotorDrive_Undergrad/New_Servo_Motor/Src/mc_tasks.c:856:23:GetMCI	0	static
C:/Users/zhuyi/Projects/MotorDrive_Undergrad/New_Servo_Motor/Src/mc_tasks.c:872:13:TSK_HardwareFaultTask	8	static
C:/Users/zhuyi/Projects/MotorDrive_Undergrad/New_Servo_Motor/Src/mc_tasks.c:886:6:startMediumFrequencyTask	8	static
C:/Users/zhuyi/Projects/MotorDrive_Undergrad/New_Servo_Motor/Src/mc_tasks.c:900:6:StartSafetyTask	8	static
C:/Users/zhuyi/Projects/MotorDrive_Undergrad/New_Servo_Motor/Src/mc_tasks.c:913:13:UI_HandleStartStopButton_cb	8	static
C:/Users/zhuyi/Projects/MotorDrive_Undergrad/New_Servo_Motor/Src/mc_tasks.c:931:13:mc_lock_pins	80	static
