C:/Users/zhuyi/Projects/MotorDrive_Undergrad/New_Servo_Motor/Src/mc_tasks.c:149:6:motor_control_major_tasks	8	static
C:/Users/zhuyi/Projects/MotorDrive_Undergrad/New_Servo_Motor/Src/mc_tasks.c:578:13:FOC_Clear	16	static
C:/Users/zhuyi/Projects/MotorDrive_Undergrad/New_Servo_Motor/Src/mc_tasks.c:170:13:MCboot	48	static
C:/Users/zhuyi/Projects/MotorDrive_Undergrad/New_Servo_Motor/Src/mc_tasks.c:617:13:FOC_InitAdditionalMethods	0	static
C:/Users/zhuyi/Projects/MotorDrive_Undergrad/New_Servo_Motor/Src/mc_tasks.c:641:13:FOC_CalcCurrRef	8	static
C:/Users/zhuyi/Projects/MotorDrive_Undergrad/New_Servo_Motor/Src/mc_tasks.c:668:13:TSK_SetChargeBootCapDelayM1	0	static
C:/Users/zhuyi/Projects/MotorDrive_Undergrad/New_Servo_Motor/Src/mc_tasks.c:679:13:TSK_ChargeBootCapDelayHasElapsedM1	0	static
C:/Users/zhuyi/Projects/MotorDrive_Undergrad/New_Servo_Motor/Src/mc_tasks.c:695:13:TSK_SetStopPermanencyTimeM1	0	static
C:/Users/zhuyi/Projects/MotorDrive_Undergrad/New_Servo_Motor/Src/mc_tasks.c:290:6:TSK_MF_StopProcessing	8	static
C:/Users/zhuyi/Projects/MotorDrive_Undergrad/New_Servo_Motor/Src/mc_tasks.c:706:13:TSK_StopPermanencyTimeHasElapsedM1	0	static
C:/Users/zhuyi/Projects/MotorDrive_Undergrad/New_Servo_Motor/Src/mc_tasks.c:380:13:TSK_MediumFrequencyTaskM1	24	static
C:/Users/zhuyi/Projects/MotorDrive_Undergrad/New_Servo_Motor/Src/mc_tasks.c:306:13:MC_Scheduler	16	static
C:/Users/zhuyi/Projects/MotorDrive_Undergrad/New_Servo_Motor/Src/mc_tasks.c:273:13:MC_RunMotorControlTasks	8	static
C:/Users/zhuyi/Projects/MotorDrive_Undergrad/New_Servo_Motor/Src/mc_tasks.c:732:16:TSK_HighFrequencyTask	56	static
C:/Users/zhuyi/Projects/MotorDrive_Undergrad/New_Servo_Motor/Src/mc_tasks.c:859:13:TSK_SafetyTask_PWMOFF	24	static
C:/Users/zhuyi/Projects/MotorDrive_Undergrad/New_Servo_Motor/Src/mc_tasks.c:837:13:TSK_SafetyTask	8	static
C:/Users/zhuyi/Projects/MotorDrive_Undergrad/New_Servo_Motor/Src/mc_tasks.c:908:23:GetMCI	0	static
C:/Users/zhuyi/Projects/MotorDrive_Undergrad/New_Servo_Motor/Src/mc_tasks.c:924:13:TSK_HardwareFaultTask	8	static
C:/Users/zhuyi/Projects/MotorDrive_Undergrad/New_Servo_Motor/Src/mc_tasks.c:938:6:startMediumFrequencyTask	8	static
C:/Users/zhuyi/Projects/MotorDrive_Undergrad/New_Servo_Motor/Src/mc_tasks.c:952:6:StartSafetyTask	8	static
C:/Users/zhuyi/Projects/MotorDrive_Undergrad/New_Servo_Motor/Src/mc_tasks.c:965:13:UI_HandleStartStopButton_cb	8	static
C:/Users/zhuyi/Projects/MotorDrive_Undergrad/New_Servo_Motor/Src/mc_tasks.c:983:13:mc_lock_pins	80	static
