C:/Users/zhuyi/Projects/MotorDrive_Undergrad/New_Servo_Motor/Src/mc_tasks.c:105:6:motor_control_major_tasks	8	static
C:/Users/zhuyi/Projects/MotorDrive_Undergrad/New_Servo_Motor/Src/mc_tasks.c:535:13:FOC_Clear	16	static
C:/Users/zhuyi/Projects/MotorDrive_Undergrad/New_Servo_Motor/Src/mc_tasks.c:126:13:MCboot	48	static
C:/Users/zhuyi/Projects/MotorDrive_Undergrad/New_Servo_Motor/Src/mc_tasks.c:574:13:FOC_InitAdditionalMethods	0	static
C:/Users/zhuyi/Projects/MotorDrive_Undergrad/New_Servo_Motor/Src/mc_tasks.c:598:13:FOC_CalcCurrRef	8	static
C:/Users/zhuyi/Projects/MotorDrive_Undergrad/New_Servo_Motor/Src/mc_tasks.c:625:13:TSK_SetChargeBootCapDelayM1	0	static
C:/Users/zhuyi/Projects/MotorDrive_Undergrad/New_Servo_Motor/Src/mc_tasks.c:636:13:TSK_ChargeBootCapDelayHasElapsedM1	0	static
C:/Users/zhuyi/Projects/MotorDrive_Undergrad/New_Servo_Motor/Src/mc_tasks.c:652:13:TSK_SetStopPermanencyTimeM1	0	static
C:/Users/zhuyi/Projects/MotorDrive_Undergrad/New_Servo_Motor/Src/mc_tasks.c:247:6:TSK_MF_StopProcessing	8	static
C:/Users/zhuyi/Projects/MotorDrive_Undergrad/New_Servo_Motor/Src/mc_tasks.c:663:13:TSK_StopPermanencyTimeHasElapsedM1	0	static
C:/Users/zhuyi/Projects/MotorDrive_Undergrad/New_Servo_Motor/Src/mc_tasks.c:337:13:TSK_MediumFrequencyTaskM1	24	static
C:/Users/zhuyi/Projects/MotorDrive_Undergrad/New_Servo_Motor/Src/mc_tasks.c:263:13:MC_Scheduler	16	static
C:/Users/zhuyi/Projects/MotorDrive_Undergrad/New_Servo_Motor/Src/mc_tasks.c:230:13:MC_RunMotorControlTasks	8	static
C:/Users/zhuyi/Projects/MotorDrive_Undergrad/New_Servo_Motor/Src/mc_tasks.c:689:16:TSK_HighFrequencyTask	56	static
C:/Users/zhuyi/Projects/MotorDrive_Undergrad/New_Servo_Motor/Src/mc_tasks.c:814:13:TSK_SafetyTask_PWMOFF	24	static
C:/Users/zhuyi/Projects/MotorDrive_Undergrad/New_Servo_Motor/Src/mc_tasks.c:792:13:TSK_SafetyTask	8	static
C:/Users/zhuyi/Projects/MotorDrive_Undergrad/New_Servo_Motor/Src/mc_tasks.c:863:23:GetMCI	0	static
C:/Users/zhuyi/Projects/MotorDrive_Undergrad/New_Servo_Motor/Src/mc_tasks.c:879:13:TSK_HardwareFaultTask	8	static
C:/Users/zhuyi/Projects/MotorDrive_Undergrad/New_Servo_Motor/Src/mc_tasks.c:893:6:startMediumFrequencyTask	8	static
C:/Users/zhuyi/Projects/MotorDrive_Undergrad/New_Servo_Motor/Src/mc_tasks.c:907:6:StartSafetyTask	8	static
C:/Users/zhuyi/Projects/MotorDrive_Undergrad/New_Servo_Motor/Src/mc_tasks.c:920:13:UI_HandleStartStopButton_cb	8	static
C:/Users/zhuyi/Projects/MotorDrive_Undergrad/New_Servo_Motor/Src/mc_tasks.c:938:13:mc_lock_pins	80	static
