C:/Users/zhuyi/Projects/MotorDrive_Undergrad/New_Servo_Motor/Src/pwm_curr_fdbk.c:76:6:PWMC_Clear	0	static
C:/Users/zhuyi/Projects/MotorDrive_Undergrad/New_Servo_Motor/Src/pwm_curr_fdbk.c:101:13:PWMC_SetOffsetCalib	0	static
C:/Users/zhuyi/Projects/MotorDrive_Undergrad/New_Servo_Motor/Src/pwm_curr_fdbk.c:118:13:PWMC_GetOffsetCalib	0	static
C:/Users/zhuyi/Projects/MotorDrive_Undergrad/New_Servo_Motor/Src/pwm_curr_fdbk.c:152:13:PWMC_GetPhaseCurrents	0	static
C:/Users/zhuyi/Projects/MotorDrive_Undergrad/New_Servo_Motor/Src/pwm_curr_fdbk.c:195:17:PWMC_SetPhaseVoltage	16	static
C:/Users/zhuyi/Projects/MotorDrive_Undergrad/New_Servo_Motor/Src/pwm_curr_fdbk.c:349:13:PWMC_SwitchOffPWM	0	static
C:/Users/zhuyi/Projects/MotorDrive_Undergrad/New_Servo_Motor/Src/pwm_curr_fdbk.c:371:13:PWMC_SwitchOnPWM	0	static
C:/Users/zhuyi/Projects/MotorDrive_Undergrad/New_Servo_Motor/Src/pwm_curr_fdbk.c:399:13:PWMC_CurrentReadingCalibr	16	static
C:/Users/zhuyi/Projects/MotorDrive_Undergrad/New_Servo_Motor/Src/pwm_curr_fdbk.c:501:6:PWMC_CalcPhaseCurrentsEst	24	static
C:/Users/zhuyi/Projects/MotorDrive_Undergrad/New_Servo_Motor/Src/pwm_curr_fdbk.c:556:13:PWMC_TurnOnLowSides	0	static
C:/Users/zhuyi/Projects/MotorDrive_Undergrad/New_Servo_Motor/Src/pwm_curr_fdbk.c:578:17:PWMC_CheckOverCurrent	0	static
C:/Users/zhuyi/Projects/MotorDrive_Undergrad/New_Servo_Motor/Src/pwm_curr_fdbk.c:596:13:PWMC_OCPSetReferenceVoltage	0	static
C:/Users/zhuyi/Projects/MotorDrive_Undergrad/New_Servo_Motor/Src/pwm_curr_fdbk.c:619:13:PWMC_GetTurnOnLowSidesAction	0	static
C:/Users/zhuyi/Projects/MotorDrive_Undergrad/New_Servo_Motor/Src/pwm_curr_fdbk.c:631:13:PWMC_DPWM_ModeEnable	0	static
C:/Users/zhuyi/Projects/MotorDrive_Undergrad/New_Servo_Motor/Src/pwm_curr_fdbk.c:650:13:PWMC_DPWM_ModeDisable	0	static
C:/Users/zhuyi/Projects/MotorDrive_Undergrad/New_Servo_Motor/Src/pwm_curr_fdbk.c:670:13:PWMC_GetDPWM_Mode	0	static
C:/Users/zhuyi/Projects/MotorDrive_Undergrad/New_Servo_Motor/Src/pwm_curr_fdbk.c:683:13:PWMC_RLDetectionModeEnable	0	static
C:/Users/zhuyi/Projects/MotorDrive_Undergrad/New_Servo_Motor/Src/pwm_curr_fdbk.c:703:13:PWMC_RLDetectionModeDisable	0	static
C:/Users/zhuyi/Projects/MotorDrive_Undergrad/New_Servo_Motor/Src/pwm_curr_fdbk.c:727:17:PWMC_RLDetectionModeSetDuty	0	static
C:/Users/zhuyi/Projects/MotorDrive_Undergrad/New_Servo_Motor/Src/pwm_curr_fdbk.c:754:6:PWMC_SetAlignFlag	0	static
C:/Users/zhuyi/Projects/MotorDrive_Undergrad/New_Servo_Motor/Src/pwm_curr_fdbk.c:776:13:PWMC_RegisterGetPhaseCurrentsCallBack	0	static
C:/Users/zhuyi/Projects/MotorDrive_Undergrad/New_Servo_Motor/Src/pwm_curr_fdbk.c:799:13:PWMC_RegisterSwitchOffPwmCallBack	0	static
C:/Users/zhuyi/Projects/MotorDrive_Undergrad/New_Servo_Motor/Src/pwm_curr_fdbk.c:822:13:PWMC_RegisterSwitchonPwmCallBack	0	static
C:/Users/zhuyi/Projects/MotorDrive_Undergrad/New_Servo_Motor/Src/pwm_curr_fdbk.c:845:13:PWMC_RegisterReadingCalibrationCallBack	0	static
C:/Users/zhuyi/Projects/MotorDrive_Undergrad/New_Servo_Motor/Src/pwm_curr_fdbk.c:867:13:PWMC_RegisterTurnOnLowSidesCallBack	0	static
C:/Users/zhuyi/Projects/MotorDrive_Undergrad/New_Servo_Motor/Src/pwm_curr_fdbk.c:889:13:PWMC_RegisterSampPointSectXCallBack	0	static
C:/Users/zhuyi/Projects/MotorDrive_Undergrad/New_Servo_Motor/Src/pwm_curr_fdbk.c:911:13:PWMC_RegisterIsOverCurrentOccurredCallBack	0	static
C:/Users/zhuyi/Projects/MotorDrive_Undergrad/New_Servo_Motor/Src/pwm_curr_fdbk.c:934:13:PWMC_RegisterOCPSetRefVoltageCallBack	0	static
C:/Users/zhuyi/Projects/MotorDrive_Undergrad/New_Servo_Motor/Src/pwm_curr_fdbk.c:956:13:PWMC_RegisterRLDetectionModeEnableCallBack	0	static
C:/Users/zhuyi/Projects/MotorDrive_Undergrad/New_Servo_Motor/Src/pwm_curr_fdbk.c:978:13:PWMC_RegisterRLDetectionModeDisableCallBack	0	static
C:/Users/zhuyi/Projects/MotorDrive_Undergrad/New_Servo_Motor/Src/pwm_curr_fdbk.c:1001:13:PWMC_RegisterRLDetectionModeSetDutyCallBack	0	static
