C:/Users/zhuyi/Projects/MotorDrive_Undergrad/New_Servo_Motor/Src/pwm_curr_fdbk.c:76:6:PWMC_Clear	0	static
C:/Users/zhuyi/Projects/MotorDrive_Undergrad/New_Servo_Motor/Src/pwm_curr_fdbk.c:101:13:PWMC_SetOffsetCalib	0	static
C:/Users/zhuyi/Projects/MotorDrive_Undergrad/New_Servo_Motor/Src/pwm_curr_fdbk.c:118:13:PWMC_GetOffsetCalib	0	static
C:/Users/zhuyi/Projects/MotorDrive_Undergrad/New_Servo_Motor/Src/pwm_curr_fdbk.c:152:13:PWMC_GetPhaseCurrents	0	static
C:/Users/zhuyi/Projects/MotorDrive_Undergrad/New_Servo_Motor/Src/pwm_curr_fdbk.c:195:17:PWMC_SetPhaseVoltage	16	static
C:/Users/zhuyi/Projects/MotorDrive_Undergrad/New_Servo_Motor/Src/pwm_curr_fdbk.c:347:13:PWMC_SwitchOffPWM	0	static
C:/Users/zhuyi/Projects/MotorDrive_Undergrad/New_Servo_Motor/Src/pwm_curr_fdbk.c:369:13:PWMC_SwitchOnPWM	0	static
C:/Users/zhuyi/Projects/MotorDrive_Undergrad/New_Servo_Motor/Src/pwm_curr_fdbk.c:397:13:PWMC_CurrentReadingCalibr	16	static
C:/Users/zhuyi/Projects/MotorDrive_Undergrad/New_Servo_Motor/Src/pwm_curr_fdbk.c:499:6:PWMC_CalcPhaseCurrentsEst	24	static
C:/Users/zhuyi/Projects/MotorDrive_Undergrad/New_Servo_Motor/Src/pwm_curr_fdbk.c:554:13:PWMC_TurnOnLowSides	0	static
C:/Users/zhuyi/Projects/MotorDrive_Undergrad/New_Servo_Motor/Src/pwm_curr_fdbk.c:576:17:PWMC_CheckOverCurrent	0	static
C:/Users/zhuyi/Projects/MotorDrive_Undergrad/New_Servo_Motor/Src/pwm_curr_fdbk.c:594:13:PWMC_OCPSetReferenceVoltage	0	static
C:/Users/zhuyi/Projects/MotorDrive_Undergrad/New_Servo_Motor/Src/pwm_curr_fdbk.c:617:13:PWMC_GetTurnOnLowSidesAction	0	static
C:/Users/zhuyi/Projects/MotorDrive_Undergrad/New_Servo_Motor/Src/pwm_curr_fdbk.c:629:13:PWMC_DPWM_ModeEnable	0	static
C:/Users/zhuyi/Projects/MotorDrive_Undergrad/New_Servo_Motor/Src/pwm_curr_fdbk.c:648:13:PWMC_DPWM_ModeDisable	0	static
C:/Users/zhuyi/Projects/MotorDrive_Undergrad/New_Servo_Motor/Src/pwm_curr_fdbk.c:668:13:PWMC_GetDPWM_Mode	0	static
C:/Users/zhuyi/Projects/MotorDrive_Undergrad/New_Servo_Motor/Src/pwm_curr_fdbk.c:681:13:PWMC_RLDetectionModeEnable	0	static
C:/Users/zhuyi/Projects/MotorDrive_Undergrad/New_Servo_Motor/Src/pwm_curr_fdbk.c:701:13:PWMC_RLDetectionModeDisable	0	static
C:/Users/zhuyi/Projects/MotorDrive_Undergrad/New_Servo_Motor/Src/pwm_curr_fdbk.c:725:17:PWMC_RLDetectionModeSetDuty	0	static
C:/Users/zhuyi/Projects/MotorDrive_Undergrad/New_Servo_Motor/Src/pwm_curr_fdbk.c:752:6:PWMC_SetAlignFlag	0	static
C:/Users/zhuyi/Projects/MotorDrive_Undergrad/New_Servo_Motor/Src/pwm_curr_fdbk.c:774:13:PWMC_RegisterGetPhaseCurrentsCallBack	0	static
C:/Users/zhuyi/Projects/MotorDrive_Undergrad/New_Servo_Motor/Src/pwm_curr_fdbk.c:797:13:PWMC_RegisterSwitchOffPwmCallBack	0	static
C:/Users/zhuyi/Projects/MotorDrive_Undergrad/New_Servo_Motor/Src/pwm_curr_fdbk.c:820:13:PWMC_RegisterSwitchonPwmCallBack	0	static
C:/Users/zhuyi/Projects/MotorDrive_Undergrad/New_Servo_Motor/Src/pwm_curr_fdbk.c:843:13:PWMC_RegisterReadingCalibrationCallBack	0	static
C:/Users/zhuyi/Projects/MotorDrive_Undergrad/New_Servo_Motor/Src/pwm_curr_fdbk.c:865:13:PWMC_RegisterTurnOnLowSidesCallBack	0	static
C:/Users/zhuyi/Projects/MotorDrive_Undergrad/New_Servo_Motor/Src/pwm_curr_fdbk.c:887:13:PWMC_RegisterSampPointSectXCallBack	0	static
C:/Users/zhuyi/Projects/MotorDrive_Undergrad/New_Servo_Motor/Src/pwm_curr_fdbk.c:909:13:PWMC_RegisterIsOverCurrentOccurredCallBack	0	static
C:/Users/zhuyi/Projects/MotorDrive_Undergrad/New_Servo_Motor/Src/pwm_curr_fdbk.c:932:13:PWMC_RegisterOCPSetRefVoltageCallBack	0	static
C:/Users/zhuyi/Projects/MotorDrive_Undergrad/New_Servo_Motor/Src/pwm_curr_fdbk.c:954:13:PWMC_RegisterRLDetectionModeEnableCallBack	0	static
C:/Users/zhuyi/Projects/MotorDrive_Undergrad/New_Servo_Motor/Src/pwm_curr_fdbk.c:976:13:PWMC_RegisterRLDetectionModeDisableCallBack	0	static
C:/Users/zhuyi/Projects/MotorDrive_Undergrad/New_Servo_Motor/Src/pwm_curr_fdbk.c:999:13:PWMC_RegisterRLDetectionModeSetDutyCallBack	0	static
