C:/Users/zhuyi/Projects/MotorDrive_Undergrad/New_Servo_Motor/Src/stm32g4xx_hal_msp.c:68:6:HAL_MspInit	16	static
C:/Users/zhuyi/Projects/MotorDrive_Undergrad/New_Servo_Motor/Src/stm32g4xx_hal_msp.c:98:6:HAL_ADC_MspInit	120	static
C:/Users/zhuyi/Projects/MotorDrive_Undergrad/New_Servo_Motor/Src/stm32g4xx_hal_msp.c:189:6:HAL_ADC_MspDeInit	8	static
C:/Users/zhuyi/Projects/MotorDrive_Undergrad/New_Servo_Motor/Src/stm32g4xx_hal_msp.c:264:6:HAL_CORDIC_MspInit	8	static
C:/Users/zhuyi/Projects/MotorDrive_Undergrad/New_Servo_Motor/Src/stm32g4xx_hal_msp.c:286:6:HAL_CORDIC_MspDeInit	0	static
C:/Users/zhuyi/Projects/MotorDrive_Undergrad/New_Servo_Motor/Src/stm32g4xx_hal_msp.c:308:6:HAL_TIM_Base_MspInit	56	static
C:/Users/zhuyi/Projects/MotorDrive_Undergrad/New_Servo_Motor/Src/stm32g4xx_hal_msp.c:370:6:HAL_TIM_MspPostInit	48	static
C:/Users/zhuyi/Projects/MotorDrive_Undergrad/New_Servo_Motor/Src/stm32g4xx_hal_msp.c:422:6:HAL_TIM_Base_MspDeInit	8	static
C:/Users/zhuyi/Projects/MotorDrive_Undergrad/New_Servo_Motor/Src/stm32g4xx_hal_msp.c:485:6:HAL_UART_MspInit	112	static
C:/Users/zhuyi/Projects/MotorDrive_Undergrad/New_Servo_Motor/Src/stm32g4xx_hal_msp.c:567:6:HAL_UART_MspDeInit	8	static
