C:/Users/zhuyi/Projects/MotorDrive_Undergrad/New_Servo_Motor/Middlewares/Third_Party/FreeRTOS/Source/event_groups.c:145:21:xEventGroupCreate	8	static
C:/Users/zhuyi/Projects/MotorDrive_Undergrad/New_Servo_Motor/Middlewares/Third_Party/FreeRTOS/Source/event_groups.c:311:13:xEventGroupWaitBits	32	static,ignoring_inline_asm
C:/Users/zhuyi/Projects/MotorDrive_Undergrad/New_Servo_Motor/Middlewares/Third_Party/FreeRTOS/Source/event_groups.c:461:13:xEventGroupClearBits	16	static,ignoring_inline_asm
C:/Users/zhuyi/Projects/MotorDrive_Undergrad/New_Servo_Motor/Middlewares/Third_Party/FreeRTOS/Source/event_groups.c:503:13:xEventGroupGetBitsFromISR	0	static,ignoring_inline_asm
C:/Users/zhuyi/Projects/MotorDrive_Undergrad/New_Servo_Motor/Middlewares/Third_Party/FreeRTOS/Source/event_groups.c:519:13:xEventGroupSetBits	24	static,ignoring_inline_asm
C:/Users/zhuyi/Projects/MotorDrive_Undergrad/New_Servo_Motor/Middlewares/Third_Party/FreeRTOS/Source/event_groups.c:191:13:xEventGroupSync	24	static,ignoring_inline_asm
C:/Users/zhuyi/Projects/MotorDrive_Undergrad/New_Servo_Motor/Middlewares/Third_Party/FreeRTOS/Source/event_groups.c:613:6:vEventGroupDelete	16	static,ignoring_inline_asm
C:/Users/zhuyi/Projects/MotorDrive_Undergrad/New_Servo_Motor/Middlewares/Third_Party/FreeRTOS/Source/event_groups.c:657:6:vEventGroupSetBitsCallback	24	static,ignoring_inline_asm
C:/Users/zhuyi/Projects/MotorDrive_Undergrad/New_Servo_Motor/Middlewares/Third_Party/FreeRTOS/Source/event_groups.c:665:6:vEventGroupClearBitsCallback	16	static,ignoring_inline_asm
